Archive member included to satisfy reference by file (symbol)

C:/Users/Dylan/.pico-sdk/toolchain/14_2_Rel1/bin/../lib/gcc/arm-none-eabi/14.2.1/thumb/v6-m/nofp\libgcc.a(_dvmd_tls.o)
                              CMakeFiles/aas01.dir/C_/Users/Dylan/.pico-sdk/sdk/2.2.0/src/rp2_common/pico_divider/divider_hardware.S.obj (__aeabi_idiv0)
C:/Users/Dylan/.pico-sdk/toolchain/14_2_Rel1/bin/../lib/gcc/arm-none-eabi/14.2.1/thumb/v6-m/nofp\libg.a(libc_a-calloc.o)
                              CMakeFiles/aas01.dir/C_/Users/Dylan/.pico-sdk/sdk/2.2.0/src/rp2_common/pico_malloc/malloc.c.obj (calloc)
C:/Users/Dylan/.pico-sdk/toolchain/14_2_Rel1/bin/../lib/gcc/arm-none-eabi/14.2.1/thumb/v6-m/nofp\libg.a(libc_a-callocr.o)
                              C:/Users/Dylan/.pico-sdk/toolchain/14_2_Rel1/bin/../lib/gcc/arm-none-eabi/14.2.1/thumb/v6-m/nofp\libg.a(libc_a-calloc.o) (_calloc_r)
C:/Users/Dylan/.pico-sdk/toolchain/14_2_Rel1/bin/../lib/gcc/arm-none-eabi/14.2.1/thumb/v6-m/nofp\libg.a(libc_a-malloc.o)
                              CMakeFiles/aas01.dir/C_/Users/Dylan/.pico-sdk/sdk/2.2.0/src/rp2_common/pico_malloc/malloc.c.obj (malloc)
C:/Users/Dylan/.pico-sdk/toolchain/14_2_Rel1/bin/../lib/gcc/arm-none-eabi/14.2.1/thumb/v6-m/nofp\libg.a(libc_a-mallocr.o)
                              C:/Users/Dylan/.pico-sdk/toolchain/14_2_Rel1/bin/../lib/gcc/arm-none-eabi/14.2.1/thumb/v6-m/nofp\libg.a(libc_a-callocr.o) (_malloc_r)
C:/Users/Dylan/.pico-sdk/toolchain/14_2_Rel1/bin/../lib/gcc/arm-none-eabi/14.2.1/thumb/v6-m/nofp\libg.a(libc_a-mlock.o)
                              C:/Users/Dylan/.pico-sdk/toolchain/14_2_Rel1/bin/../lib/gcc/arm-none-eabi/14.2.1/thumb/v6-m/nofp\libg.a(libc_a-mallocr.o) (__malloc_lock)
C:/Users/Dylan/.pico-sdk/toolchain/14_2_Rel1/bin/../lib/gcc/arm-none-eabi/14.2.1/thumb/v6-m/nofp\libg.a(libc_a-realloc.o)
                              CMakeFiles/aas01.dir/C_/Users/Dylan/.pico-sdk/sdk/2.2.0/src/rp2_common/pico_malloc/malloc.c.obj (realloc)
C:/Users/Dylan/.pico-sdk/toolchain/14_2_Rel1/bin/../lib/gcc/arm-none-eabi/14.2.1/thumb/v6-m/nofp\libg.a(libc_a-reallocr.o)
                              C:/Users/Dylan/.pico-sdk/toolchain/14_2_Rel1/bin/../lib/gcc/arm-none-eabi/14.2.1/thumb/v6-m/nofp\libg.a(libc_a-realloc.o) (_realloc_r)
C:/Users/Dylan/.pico-sdk/toolchain/14_2_Rel1/bin/../lib/gcc/arm-none-eabi/14.2.1/thumb/v6-m/nofp\libg.a(libc_a-ctype_.o)
                              CMakeFiles/aas01.dir/C_/Users/Dylan/.pico-sdk/sdk/2.2.0/lib/tinyusb/src/tusb.c.obj (_ctype_)
C:/Users/Dylan/.pico-sdk/toolchain/14_2_Rel1/bin/../lib/gcc/arm-none-eabi/14.2.1/thumb/v6-m/nofp\libg.a(libc_a-memcmp.o)
                              CMakeFiles/aas01.dir/C_/Users/Dylan/.pico-sdk/sdk/2.2.0/src/rp2_common/pico_atomic/atomic.c.obj (memcmp)
C:/Users/Dylan/.pico-sdk/toolchain/14_2_Rel1/bin/../lib/gcc/arm-none-eabi/14.2.1/thumb/v6-m/nofp\libg.a(libc_a-memmove.o)
                              C:/Users/Dylan/.pico-sdk/toolchain/14_2_Rel1/bin/../lib/gcc/arm-none-eabi/14.2.1/thumb/v6-m/nofp\libg.a(libc_a-reallocr.o) (memmove)
C:/Users/Dylan/.pico-sdk/toolchain/14_2_Rel1/bin/../lib/gcc/arm-none-eabi/14.2.1/thumb/v6-m/nofp\libg.a(libc_a-lcltime_r.o)
                              CMakeFiles/aas01.dir/C_/Users/Dylan/.pico-sdk/sdk/2.2.0/src/common/pico_util/datetime.c.obj (localtime_r)
C:/Users/Dylan/.pico-sdk/toolchain/14_2_Rel1/bin/../lib/gcc/arm-none-eabi/14.2.1/thumb/v6-m/nofp\libg.a(libc_a-mktime.o)
                              CMakeFiles/aas01.dir/C_/Users/Dylan/.pico-sdk/sdk/2.2.0/src/common/pico_util/datetime.c.obj (mktime)
C:/Users/Dylan/.pico-sdk/toolchain/14_2_Rel1/bin/../lib/gcc/arm-none-eabi/14.2.1/thumb/v6-m/nofp\libg.a(libc_a-month_lengths.o)
                              C:/Users/Dylan/.pico-sdk/toolchain/14_2_Rel1/bin/../lib/gcc/arm-none-eabi/14.2.1/thumb/v6-m/nofp\libg.a(libc_a-lcltime_r.o) (__month_lengths)
C:/Users/Dylan/.pico-sdk/toolchain/14_2_Rel1/bin/../lib/gcc/arm-none-eabi/14.2.1/thumb/v6-m/nofp\libg.a(libc_a-tzcalc_limits.o)
                              C:/Users/Dylan/.pico-sdk/toolchain/14_2_Rel1/bin/../lib/gcc/arm-none-eabi/14.2.1/thumb/v6-m/nofp\libg.a(libc_a-lcltime_r.o) (__tzcalc_limits)
C:/Users/Dylan/.pico-sdk/toolchain/14_2_Rel1/bin/../lib/gcc/arm-none-eabi/14.2.1/thumb/v6-m/nofp\libg.a(libc_a-tzlock.o)
                              C:/Users/Dylan/.pico-sdk/toolchain/14_2_Rel1/bin/../lib/gcc/arm-none-eabi/14.2.1/thumb/v6-m/nofp\libg.a(libc_a-lcltime_r.o) (__tz_lock)
C:/Users/Dylan/.pico-sdk/toolchain/14_2_Rel1/bin/../lib/gcc/arm-none-eabi/14.2.1/thumb/v6-m/nofp\libg.a(libc_a-tzset.o)
                              C:/Users/Dylan/.pico-sdk/toolchain/14_2_Rel1/bin/../lib/gcc/arm-none-eabi/14.2.1/thumb/v6-m/nofp\libg.a(libc_a-lcltime_r.o) (_tzset_unlocked)
C:/Users/Dylan/.pico-sdk/toolchain/14_2_Rel1/bin/../lib/gcc/arm-none-eabi/14.2.1/thumb/v6-m/nofp\libg.a(libc_a-tzset_r.o)
[...]
Memory Configuration

Name             Origin             Length             Attributes
FLASH            0x10000000         0x00200000         xr
RAM              0x20000000         0x00040000         xrw
SCRATCH_X        0x20040000         0x00001000         xrw
SCRATCH_Y        0x20041000         0x00001000         xrw
*default*        0x00000000         0xffffffff

Linker script and memory map

LOAD C:/Users/Dylan/.pico-sdk/toolchain/14_2_Rel1/bin/../lib/gcc/arm-none-eabi/14.2.1/thumb/v6-m/nofp/crti.o
LOAD C:/Users/Dylan/.pico-sdk/toolchain/14_2_Rel1/bin/../lib/gcc/arm-none-eabi/14.2.1/thumb/v6-m/nofp/crtbegin.o
LOAD C:/Users/Dylan/.pico-sdk/toolchain/14_2_Rel1/bin/../lib/gcc/arm-none-eabi/14.2.1/thumb/v6-m/nofp/crt0.o

.flash_begin    0x10000000        0x0
                0x10000000                        __flash_binary_start = .

.boot2          0x10000000      0x100
                0x10000000                        __boot2_start__ = .
 *(.boot2)
 .boot2         0x10000000      0x100 pico-sdk/src/rp2040/boot_stage2/CMakeFiles/bs2_default_library.dir/./bs2_default_padded_checksummed.S.obj
                0x10000100                        __boot2_end__ = .
                0x00000001                        ASSERT (((__boot2_end__ - __boot2_start__) == 0x100), ERROR: Pico second stage bootloader must be 256 bytes in size)

.text           0x10000100     0x6a94
                0x10000100                        __logical_binary_start = .
 *(.vectors)
 .vectors       0x10000100       0xd4 CMakeFiles/aas01.dir/C_/Users/Dylan/.pico-sdk/sdk/2.2.0/src/rp2_common/pico_crt0/crt0.S.obj
                0x10000100                __VECTOR_TABLE
                0x10000100                __vectors
                0x100001c0                isr_irq13
                0x100001c0                isr_irq27
                0x100001c0                isr_irq31
                0x100001c0                isr_irq12
                0x100001c0                isr_irq5
                0x100001c0                isr_irq11
                0x100001c0                isr_irq3
                0x100001c0                isr_irq23
                0x100001c0                __unhandled_user_irq
                0x100001c0                isr_irq26
                0x100001c0                isr_irq28
                0x100001c0                isr_irq19
                0x100001c0                isr_irq0
                0x100001c0                isr_irq6
                0x100001c0                isr_irq29
                0x100001c0                isr_irq16
                0x100001c0                isr_irq22
                0x100001c0                isr_irq18
                0x100001c0                isr_irq17
                0x100001c0                isr_irq14
                0x100001c0                __vectors_end
                0x100001c0                __default_isrs_start
                0x100001c0                isr_irq2
                0x100001c0                isr_irq10
                0x100001c0                isr_irq8
                0x100001c0                isr_irq24
                0x100001c0                isr_irq1
                0x100001c0                isr_irq7
                0x100001c0                isr_irq21
                0x100001c0                isr_irq20
                0x100001c0                isr_irq15
                0x100001c0                isr_irq25
                0x100001c0                isr_irq4
                0x100001c0                isr_irq30
                0x100001c0                isr_irq9
                0x100001c6                unhandled_user_irq_num_in_r0
                0x100001c8                isr_invalid
                0x100001ca                isr_nmi
                0x100001cc                isr_hardfault
                0x100001ce                isr_svcall
                0x100001d0                isr_pendsv
                0x100001d2                isr_systick
                0x100001d4                __default_isrs_end
 *(.binary_info_header)
 .binary_info_header
                0x100001d4       0x14 CMakeFiles/aas01.dir/C_/Users/Dylan/.pico-sdk/sdk/2.2.0/src/rp2_common/pico_crt0/crt0.S.obj
                0x100001e8                        __binary_info_header_end = .
 *(.embedded_block)
                0x100001e8                        __embedded_block_end = .
 *(.reset)
 .reset         0x100001e8       0x9c CMakeFiles/aas01.dir/C_/Users/Dylan/.pico-sdk/sdk/2.2.0/src/rp2_common/pico_crt0/crt0.S.obj
                0x100001e8                _entry_point
 *(.init)
 .init          0x10000284        0x4 C:/Users/Dylan/.pico-sdk/toolchain/14_2_Rel1/bin/../lib/gcc/arm-none-eabi/14.2.1/thumb/v6-m/nofp/crti.o
                0x10000284                _init
 *(EXCLUDE_FILE(*libm.a: *libc.a:*lib_a-mem*.o *libgcc.a:) .text*)
 .text.register_tm_clones
                0x10000288       0x28 C:/Users/Dylan/.pico-sdk/toolchain/14_2_Rel1/bin/../lib/gcc/arm-none-eabi/14.2.1/thumb/v6-m/nofp/crtbegin.o
 .text.frame_dummy
                0x100002b0       0x24 C:/Users/Dylan/.pico-sdk/toolchain/14_2_Rel1/bin/../lib/gcc/arm-none-eabi/14.2.1/thumb/v6-m/nofp/crtbegin.o
 .text.asm_gpio_init
                0x100002d4        0x8 CMakeFiles/aas01.dir/aas01.c.obj
                0x100002d4                asm_gpio_init
 .text.asm_gpio_set_dir
                0x100002dc       0x18 CMakeFiles/aas01.dir/aas01.c.obj
                0x100002dc                asm_gpio_set_dir
 .text.asm_gpio_get
                0x100002f4       0x16 CMakeFiles/aas01.dir/aas01.c.obj
                0x100002f4                asm_gpio_get
 .text.asm_gpio_put
                0x1000030a       0x18 CMakeFiles/aas01.dir/aas01.c.obj
                0x1000030a                asm_gpio_put
 .text.asm_gpio_set_irq
                0x10000322        0xc CMakeFiles/aas01.dir/aas01.c.obj
                0x10000322                asm_gpio_set_irq
 *fill*         0x1000032e        0x2 
 .text.main     0x10000330       0x18 CMakeFiles/aas01.dir/aas01.c.obj
                0x10000330                main
 *fill*         0x10000348        0x8 
 .text          0x10000350      0x130 CMakeFiles/aas01.dir/aas01.S.obj
                0x10000350                main_asm
 .text._gpio_set_irq_enabled
                0x10000480       0x3c CMakeFiles/aas01.dir/C_/Users/Dylan/.pico-sdk/sdk/2.2.0/src/rp2_common/hardware_gpio/gpio.c.obj
 .text.gpio_set_function
                0x100004bc       0x34 CMakeFiles/aas01.dir/C_/Users/Dylan/.pico-sdk/sdk/2.2.0/src/rp2_common/hardware_gpio/gpio.c.obj
                0x100004bc                gpio_set_function
 .text.gpio_set_irq_enabled
                0x100004f0       0x50 CMakeFiles/aas01.dir/C_/Users/Dylan/.pico-sdk/sdk/2.2.0/src/rp2_common/hardware_gpio/gpio.c.obj
                0x100004f0                gpio_set_irq_enabled
 .text.gpio_init
                0x10000540       0x16 CMakeFiles/aas01.dir/C_/Users/Dylan/.pico-sdk/sdk/2.2.0/src/rp2_common/hardware_gpio/gpio.c.obj
                0x10000540                gpio_init
 *fill*         0x10000556        0x2 
 .text.rp2040_chip_version
                0x10000558       0x54 CMakeFiles/aas01.dir/C_/Users/Dylan/.pico-sdk/sdk/2.2.0/src/rp2040/pico_platform/platform.c.obj
                0x10000558                rp2040_chip_version
 .text.panic    0x100005ac       0x30 CMakeFiles/aas01.dir/C_/Users/Dylan/.pico-sdk/sdk/2.2.0/src/rp2_common/pico_platform_panic/panic.c.obj
                0x100005ac                panic
 .text.hw_claim_lock
                0x100005dc       0x18 CMakeFiles/aas01.dir/C_/Users/Dylan/.pico-sdk/sdk/2.2.0/src/common/hardware_claim/claim.c.obj
                0x100005dc                hw_claim_lock
 .text.hw_claim_unlock
                0x100005f4       0x14 CMakeFiles/aas01.dir/C_/Users/Dylan/.pico-sdk/sdk/2.2.0/src/common/hardware_claim/claim.c.obj
                0x100005f4                hw_claim_unlock
 .text.hw_claim_or_assert
                0x10000608       0x32 CMakeFiles/aas01.dir/C_/Users/Dylan/.pico-sdk/sdk/2.2.0/src/common/hardware_claim/claim.c.obj
                0x10000608                hw_claim_or_assert
 .text.hw_claim_unused_from_range
                0x1000063a       0x50 CMakeFiles/aas01.dir/C_/Users/Dylan/.pico-sdk/sdk/2.2.0/src/common/hardware_claim/claim.c.obj
                0x1000063a                hw_claim_unused_from_range
 *fill*         0x1000068a        0x2 
 .text.next_striped_spin_lock_num
                0x1000068c       0x1c CMakeFiles/aas01.dir/C_/Users/Dylan/.pico-sdk/sdk/2.2.0/src/rp2_common/hardware_sync/sync.c.obj
                0x1000068c                next_striped_spin_lock_num
 .text.spin_lock_claim_unused
                0x100006a8       0x24 CMakeFiles/aas01.dir/C_/Users/Dylan/.pico-sdk/sdk/2.2.0/src/rp2_common/hardware_sync/sync.c.obj
                0x100006a8                spin_lock_claim_unused
 .text.spin_locks_reset
                0x100006cc       0x20 CMakeFiles/aas01.dir/C_/Users/Dylan/.pico-sdk/sdk/2.2.0/src/rp2_common/hardware_sync_spin_lock/sync_spin_lock.c.obj
                0x100006cc                spin_locks_reset
 .text.set_raw_irq_handler_and_unlock
                0x100006ec       0x28 CMakeFiles/aas01.dir/C_/Users/Dylan/.pico-sdk/sdk/2.2.0/src/rp2_common/hardware_irq/irq.c.obj
 .text.nvic_ipr0
                0x10000714        0x8 CMakeFiles/aas01.dir/C_/Users/Dylan/.pico-sdk/sdk/2.2.0/src/rp2_common/hardware_irq/irq.c.obj
 .text.runtime_init_per_core_irq_priorities
                0x1000071c       0x1c CMakeFiles/aas01.dir/C_/Users/Dylan/.pico-sdk/sdk/2.2.0/src/rp2_common/hardware_irq/irq.c.obj
                0x1000071c                runtime_init_per_core_irq_priorities
 .text.resolve_j_16
                0x10000738       0x30 CMakeFiles/aas01.dir/C_/Users/Dylan/.pico-sdk/sdk/2.2.0/src/rp2_common/hardware_irq/irq.c.obj
 .text.make_j_16
                0x10000768       0x48 CMakeFiles/aas01.dir/C_/Users/Dylan/.pico-sdk/sdk/2.2.0/src/rp2_common/hardware_irq/irq.c.obj
 .text.irq_is_enabled
                0x100007b0       0x18 CMakeFiles/aas01.dir/C_/Users/Dylan/.pico-sdk/sdk/2.2.0/src/rp2_common/hardware_irq/irq.c.obj
                0x100007b0                irq_is_enabled
 .text.irq_set_mask_n_enabled
                0x100007c8       0x1c CMakeFiles/aas01.dir/C_/Users/Dylan/.pico-sdk/sdk/2.2.0/src/rp2_common/hardware_irq/irq.c.obj
                0x100007c8                irq_set_mask_n_enabled
 .text.irq_set_enabled
                0x100007e4       0x14 CMakeFiles/aas01.dir/C_/Users/Dylan/.pico-sdk/sdk/2.2.0/src/rp2_common/hardware_irq/irq.c.obj
                0x100007e4                irq_set_enabled
 .text.irq_set_pending
                0x100007f8       0x10 CMakeFiles/aas01.dir/C_/Users/Dylan/.pico-sdk/sdk/2.2.0/src/rp2_common/hardware_irq/irq.c.obj
                0x100007f8                irq_set_pending
 .text.irq_get_vtable_handler
                0x10000808       0x10 CMakeFiles/aas01.dir/C_/Users/Dylan/.pico-sdk/sdk/2.2.0/src/rp2_common/hardware_irq/irq.c.obj
                0x10000808                irq_get_vtable_handler
 .text.irq_has_shared_handler
                0x10000818       0x1c CMakeFiles/aas01.dir/C_/Users/Dylan/.pico-sdk/sdk/2.2.0/src/rp2_common/hardware_irq/irq.c.obj
                0x10000818                irq_has_shared_handler
 .text.irq_has_handler
                0x10000834       0x20 CMakeFiles/aas01.dir/C_/Users/Dylan/.pico-sdk/sdk/2.2.0/src/rp2_common/hardware_irq/irq.c.obj
                0x10000834                irq_has_handler
 .text.irq_set_exclusive_handler
                0x10000854       0x54 CMakeFiles/aas01.dir/C_/Users/Dylan/.pico-sdk/sdk/2.2.0/src/rp2_common/hardware_irq/irq.c.obj
                0x10000854                irq_set_exclusive_handler
 .text.irq_add_shared_handler
                0x100008a8      0x218 CMakeFiles/aas01.dir/C_/Users/Dylan/.pico-sdk/sdk/2.2.0/src/rp2_common/hardware_irq/irq.c.obj
                0x100008a8                irq_add_shared_handler
 .text.irq_add_tail_to_free_list
                0x10000ac0       0xf4 CMakeFiles/aas01.dir/C_/Users/Dylan/.pico-sdk/sdk/2.2.0/src/rp2_common/hardware_irq/irq.c.obj
                0x10000ac0                irq_add_tail_to_free_list
 .text.user_irq_claim_unused
                0x10000bb4       0x2c CMakeFiles/aas01.dir/C_/Users/Dylan/.pico-sdk/sdk/2.2.0/src/rp2_common/hardware_irq/irq.c.obj
                0x10000bb4                user_irq_claim_unused
 .text.lock_init
                0x10000be0       0x10 CMakeFiles/aas01.dir/C_/Users/Dylan/.pico-sdk/sdk/2.2.0/src/common/pico_sync/lock_core.c.obj
                0x10000be0                lock_init
 .text.mutex_init
                0x10000bf0       0x1a CMakeFiles/aas01.dir/C_/Users/Dylan/.pico-sdk/sdk/2.2.0/src/common/pico_sync/mutex.c.obj
                0x10000bf0                mutex_init
 .text.recursive_mutex_init
                0x10000c0a       0x1e CMakeFiles/aas01.dir/C_/Users/Dylan/.pico-sdk/sdk/2.2.0/src/common/pico_sync/mutex.c.obj
                0x10000c0a                recursive_mutex_init
 .text.runtime_init_mutex
                0x10000c28       0x4c CMakeFiles/aas01.dir/C_/Users/Dylan/.pico-sdk/sdk/2.2.0/src/common/pico_sync/mutex.c.obj
                0x10000c28                runtime_init_mutex
 .text.critical_section_init_with_lock_num
                0x10000c74       0x14 CMakeFiles/aas01.dir/C_/Users/Dylan/.pico-sdk/sdk/2.2.0/src/common/pico_sync/critical_section.c.obj
                0x10000c74                critical_section_init_with_lock_num
 .text.critical_section_init
                0x10000c88       0x14 CMakeFiles/aas01.dir/C_/Users/Dylan/.pico-sdk/sdk/2.2.0/src/common/pico_sync/critical_section.c.obj
                0x10000c88                critical_section_init
 .text.ta_set_timeout
                0x10000c9c       0x24 CMakeFiles/aas01.dir/C_/Users/Dylan/.pico-sdk/sdk/2.2.0/src/common/pico_time/time.c.obj
 .text.make_alarm_id
                0x10000cc0        0x6 CMakeFiles/aas01.dir/C_/Users/Dylan/.pico-sdk/sdk/2.2.0/src/common/pico_time/time.c.obj
 *fill*         0x10000cc6        0x2 
 .text.sleep_until_callback
                0x10000cc8       0x30 CMakeFiles/aas01.dir/C_/Users/Dylan/.pico-sdk/sdk/2.2.0/src/common/pico_time/time.c.obj
 .text.alarm_pool_irq_handler
                0x10000cf8      0x2f0 CMakeFiles/aas01.dir/C_/Users/Dylan/.pico-sdk/sdk/2.2.0/src/common/pico_time/time.c.obj
 .text.ta_enable_irq_handler
                0x10000fe8       0x2c CMakeFiles/aas01.dir/C_/Users/Dylan/.pico-sdk/sdk/2.2.0/src/common/pico_time/time.c.obj
 .text.alarm_pool_post_alloc_init
                0x10001014       0x78 CMakeFiles/aas01.dir/C_/Users/Dylan/.pico-sdk/sdk/2.2.0/src/common/pico_time/time.c.obj
 .text.alarm_pool_get_default
                0x1000108c       0x2c CMakeFiles/aas01.dir/C_/Users/Dylan/.pico-sdk/sdk/2.2.0/src/common/pico_time/time.c.obj
                0x1000108c                alarm_pool_get_default
 .text.alarm_pool_add_alarm_at_force_in_context
                0x100010b8       0xa4 CMakeFiles/aas01.dir/C_/Users/Dylan/.pico-sdk/sdk/2.2.0/src/common/pico_time/time.c.obj
                0x100010b8                alarm_pool_add_alarm_at_force_in_context
 .text.alarm_pool_add_alarm_at
                0x1000115c       0x3c CMakeFiles/aas01.dir/C_/Users/Dylan/.pico-sdk/sdk/2.2.0/src/common/pico_time/time.c.obj
                0x1000115c                alarm_pool_add_alarm_at
 .text.add_alarm_at
                0x10001198       0x2e CMakeFiles/aas01.dir/C_/Users/Dylan/.pico-sdk/sdk/2.2.0/src/common/pico_time/time.c.obj
 *fill*         0x100011c6        0x2 
 .text.alarm_pool_cancel_alarm
                0x100011c8       0x78 CMakeFiles/aas01.dir/C_/Users/Dylan/.pico-sdk/sdk/2.2.0/src/common/pico_time/time.c.obj
                0x100011c8                alarm_pool_cancel_alarm
 .text.cancel_alarm
                0x10001240       0x10 CMakeFiles/aas01.dir/C_/Users/Dylan/.pico-sdk/sdk/2.2.0/src/common/pico_time/time.c.obj
 .text.alarm_pool_core_num
                0x10001250        0x4 CMakeFiles/aas01.dir/C_/Users/Dylan/.pico-sdk/sdk/2.2.0/src/common/pico_time/time.c.obj
                0x10001250                alarm_pool_core_num
 .text.best_effort_wfe_or_timeout
                0x10001254      0x11c CMakeFiles/aas01.dir/C_/Users/Dylan/.pico-sdk/sdk/2.2.0/src/common/pico_time/time.c.obj
                0x10001254                best_effort_wfe_or_timeout
 .text.alarm_pool_get_default_timer
                0x10001370        0x8 CMakeFiles/aas01.dir/C_/Users/Dylan/.pico-sdk/sdk/2.2.0/src/common/pico_time/time.c.obj
                0x10001370                alarm_pool_get_default_timer
 .text.runtime_init_default_alarm_pool
                0x10001378       0x38 CMakeFiles/aas01.dir/C_/Users/Dylan/.pico-sdk/sdk/2.2.0/src/common/pico_time/time.c.obj
                0x10001378                runtime_init_default_alarm_pool
 .text.timer_hardware_alarm_claim
                0x100013b0       0x14 CMakeFiles/aas01.dir/C_/Users/Dylan/.pico-sdk/sdk/2.2.0/src/rp2_common/hardware_timer/timer.c.obj
                0x100013b0                timer_hardware_alarm_claim
 .text.timer_time_us_64
                0x100013c4       0x10 CMakeFiles/aas01.dir/C_/Users/Dylan/.pico-sdk/sdk/2.2.0/src/rp2_common/hardware_timer/timer.c.obj
                0x100013c4                timer_time_us_64
 .text.time_us_64
                0x100013d4       0x10 CMakeFiles/aas01.dir/C_/Users/Dylan/.pico-sdk/sdk/2.2.0/src/rp2_common/hardware_timer/timer.c.obj
                0x100013d4                time_us_64
 .text.clock_configure_internal
                0x100013e4       0xc4 CMakeFiles/aas01.dir/C_/Users/Dylan/.pico-sdk/sdk/2.2.0/src/rp2_common/hardware_clocks/clocks.c.obj
 .text.clock_configure_int_divider
                0x100014a8       0x28 CMakeFiles/aas01.dir/C_/Users/Dylan/.pico-sdk/sdk/2.2.0/src/rp2_common/hardware_clocks/clocks.c.obj
                0x100014a8                clock_configure_int_divider
 .text.clock_configure_undivided
                0x100014d0       0x12 CMakeFiles/aas01.dir/C_/Users/Dylan/.pico-sdk/sdk/2.2.0/src/rp2_common/hardware_clocks/clocks.c.obj
                0x100014d0                clock_configure_undivided
 *fill*         0x100014e2        0x2 
 .text.clock_get_hz
                0x100014e4        0xc CMakeFiles/aas01.dir/C_/Users/Dylan/.pico-sdk/sdk/2.2.0/src/rp2_common/hardware_clocks/clocks.c.obj
                0x100014e4                clock_get_hz
 .text.pll_init
                0x100014f0      0x124 CMakeFiles/aas01.dir/C_/Users/Dylan/.pico-sdk/sdk/2.2.0/src/rp2_common/hardware_pll/pll.c.obj
                0x100014f0                pll_init
 .text.watchdog_update
                0x10001614       0x14 CMakeFiles/aas01.dir/C_/Users/Dylan/.pico-sdk/sdk/2.2.0/src/rp2_common/hardware_watchdog/watchdog.c.obj
                0x10001614                watchdog_update
 .text._watchdog_enable
                0x10001628       0x78 CMakeFiles/aas01.dir/C_/Users/Dylan/.pico-sdk/sdk/2.2.0/src/rp2_common/hardware_watchdog/watchdog.c.obj
                0x10001628                _watchdog_enable
 .text.watchdog_reboot
                0x100016a0       0x48 CMakeFiles/aas01.dir/C_/Users/Dylan/.pico-sdk/sdk/2.2.0/src/rp2_common/hardware_watchdog/watchdog.c.obj
                0x100016a0                watchdog_reboot
 .text.tick_start
                0x100016e8       0x10 CMakeFiles/aas01.dir/C_/Users/Dylan/.pico-sdk/sdk/2.2.0/src/rp2_common/hardware_ticks/ticks.c.obj
                0x100016e8                tick_start
 .text.rom_func_lookup
                0x100016f8       0x10 CMakeFiles/aas01.dir/C_/Users/Dylan/.pico-sdk/sdk/2.2.0/src/rp2_common/pico_bootrom/bootrom.c.obj
                0x100016f8                rom_func_lookup
 .text.rom_data_lookup
                0x10001708       0x10 CMakeFiles/aas01.dir/C_/Users/Dylan/.pico-sdk/sdk/2.2.0/src/rp2_common/pico_bootrom/bootrom.c.obj
                0x10001708                rom_data_lookup
 .text.rom_funcs_lookup
                0x10001718       0x36 CMakeFiles/aas01.dir/C_/Users/Dylan/.pico-sdk/sdk/2.2.0/src/rp2_common/pico_bootrom/bootrom.c.obj
                0x10001718                rom_funcs_lookup
 *fill*         0x1000174e        0x2 
 .text.rom_reset_usb_boot_extra
                0x10001750       0x24 CMakeFiles/aas01.dir/C_/Users/Dylan/.pico-sdk/sdk/2.2.0/src/rp2_common/pico_bootrom/bootrom.c.obj
                0x10001750                rom_reset_usb_boot_extra
 .text.xosc_init
                0x10001774       0x2c CMakeFiles/aas01.dir/C_/Users/Dylan/.pico-sdk/sdk/2.2.0/src/rp2_common/hardware_xosc/xosc.c.obj
                0x10001774                xosc_init
 .text.runtime_run_initializers_from
                0x100017a0       0x18 CMakeFiles/aas01.dir/C_/Users/Dylan/.pico-sdk/sdk/2.2.0/src/rp2_common/pico_runtime/runtime.c.obj
 .text.first_per_core_initializer
                0x100017b8        0x2 CMakeFiles/aas01.dir/C_/Users/Dylan/.pico-sdk/sdk/2.2.0/src/rp2_common/pico_runtime/runtime.c.obj
 *fill*         0x100017ba        0x2 
 .text.runtime_run_initializers
                0x100017bc       0x10 CMakeFiles/aas01.dir/C_/Users/Dylan/.pico-sdk/sdk/2.2.0/src/rp2_common/pico_runtime/runtime.c.obj
                0x100017bc                runtime_run_initializers
 .text.runtime_init_early_resets
                0x100017cc       0x2c CMakeFiles/aas01.dir/C_/Users/Dylan/.pico-sdk/sdk/2.2.0/src/rp2_common/pico_runtime_init/runtime_init.c.obj
                0x100017cc                runtime_init_early_resets
 .text.runtime_init_usb_power_down
                0x100017f8       0x1c CMakeFiles/aas01.dir/C_/Users/Dylan/.pico-sdk/sdk/2.2.0/src/rp2_common/pico_runtime_init/runtime_init.c.obj
                0x100017f8                runtime_init_usb_power_down
 .text.runtime_init_post_clock_resets
                0x10001814       0x20 CMakeFiles/aas01.dir/C_/Users/Dylan/.pico-sdk/sdk/2.2.0/src/rp2_common/pico_runtime_init/runtime_init.c.obj
                0x10001814                runtime_init_post_clock_resets
 .text.runtime_init_rp2040_gpio_ie_disable
                0x10001834       0x14 CMakeFiles/aas01.dir/C_/Users/Dylan/.pico-sdk/sdk/2.2.0/src/rp2_common/pico_runtime_init/runtime_init.c.obj
                0x10001834                runtime_init_rp2040_gpio_ie_disable
 .text.runtime_init_spin_locks_reset
                0x10001848        0x8 CMakeFiles/aas01.dir/C_/Users/Dylan/.pico-sdk/sdk/2.2.0/src/rp2_common/pico_runtime_init/runtime_init.c.obj
                0x10001848                runtime_init_spin_locks_reset
 .text.runtime_init_install_ram_vector_table
                0x10001850       0x48 CMakeFiles/aas01.dir/C_/Users/Dylan/.pico-sdk/sdk/2.2.0/src/rp2_common/pico_runtime_init/runtime_init.c.obj
                0x10001850                runtime_init_install_ram_vector_table
 .text.start_all_ticks
                0x10001898       0x28 CMakeFiles/aas01.dir/C_/Users/Dylan/.pico-sdk/sdk/2.2.0/src/rp2_common/pico_runtime_init/runtime_init_clocks.c.obj
 .text.runtime_init_clocks
                0x100018c0       0xcc CMakeFiles/aas01.dir/C_/Users/Dylan/.pico-sdk/sdk/2.2.0/src/rp2_common/pico_runtime_init/runtime_init_clocks.c.obj
                0x100018c0                runtime_init_clocks
 .text          0x1000198c       0x10 CMakeFiles/aas01.dir/C_/Users/Dylan/.pico-sdk/sdk/2.2.0/src/rp2_common/pico_bit_ops/bit_ops_aeabi.S.obj
 .text.__wrap___aeabi_idiv
                0x1000199c       0x50 CMakeFiles/aas01.dir/C_/Users/Dylan/.pico-sdk/sdk/2.2.0/src/rp2_common/pico_divider/divider_hardware.S.obj
                0x1000199c                __wrap___aeabi_idivmod
                0x1000199c                divmod_s32s32
                0x1000199c                div_s32s32
                0x1000199c                __wrap___aeabi_idiv
                0x100019a4                divmod_s32s32_unsafe
                0x100019d0                divmod_s32s32_savestate
 .text.__wrap___aeabi_uidiv
                0x100019ec       0x4c CMakeFiles/aas01.dir/C_/Users/Dylan/.pico-sdk/sdk/2.2.0/src/rp2_common/pico_divider/divider_hardware.S.obj
                0x100019ec                __wrap___aeabi_uidiv
                0x100019ec                __wrap___aeabi_uidivmod
                0x100019ec                div_u32u32
                0x100019ec                divmod_u32u32
                0x100019f4                divmod_u32u32_unsafe
                0x10001a1c                divmod_u32u32_savestate
 .text.__wrap___aeabi_ldiv
                0x10001a38      0x424 CMakeFiles/aas01.dir/C_/Users/Dylan/.pico-sdk/sdk/2.2.0/src/rp2_common/pico_divider/divider_hardware.S.obj
                0x10001a38                div_s64s64
                0x10001a38                divmod_s64s64
                0x10001a38                __wrap___aeabi_ldivmod
                0x10001a68                divmod_u64u64
                0x10001a68                div_u64u64
                0x10001a68                __wrap___aeabi_uldivmod
                0x10001a78                divmod_u64u64_savestate
                0x10001a98                divmod_s64s64_unsafe
                0x10001b20                divmod_u64u64_unsafe
 .text.__wrap___aeabi_darithmetic
                0x10001e5c       0x80 CMakeFiles/aas01.dir/C_/Users/Dylan/.pico-sdk/sdk/2.2.0/src/rp2_common/pico_double/double_aeabi_rp2040.S.obj
                0x10001e5c                __wrap___aeabi_drsub
                0x10001e62                __wrap___aeabi_dsub
                0x10001e74                __wrap___aeabi_dadd
                0x10001e86                __wrap___aeabi_ddiv
                0x10001ec2                __wrap___aeabi_dmul
 .text.__wrap___aeabi_cdcmple
                0x10001edc       0x6c CMakeFiles/aas01.dir/C_/Users/Dylan/.pico-sdk/sdk/2.2.0/src/rp2_common/pico_double/double_aeabi_rp2040.S.obj
                0x10001edc                __wrap___aeabi_cdrcmple
                0x10001eec                __wrap___aeabi_cdcmpeq
                0x10001eec                __wrap___aeabi_cdcmple
 .text.__wrap___aeabi_dcmplt
                0x10001f48        0xc CMakeFiles/aas01.dir/C_/Users/Dylan/.pico-sdk/sdk/2.2.0/src/rp2_common/pico_double/double_aeabi_rp2040.S.obj
                0x10001f48                __wrap___aeabi_dcmplt
 .text.__wrap___aeabi_dcmple
                0x10001f54       0x10 CMakeFiles/aas01.dir/C_/Users/Dylan/.pico-sdk/sdk/2.2.0/src/rp2_common/pico_double/double_aeabi_rp2040.S.obj
                0x10001f54                __wrap___aeabi_dcmple
 .text.__wrap___aeabi_dcmpge
                0x10001f64       0x10 CMakeFiles/aas01.dir/C_/Users/Dylan/.pico-sdk/sdk/2.2.0/src/rp2_common/pico_double/double_aeabi_rp2040.S.obj
                0x10001f64                __wrap___aeabi_dcmpge
 .text.__wrap___aeabi_dcmpgt
                0x10001f74        0xa CMakeFiles/aas01.dir/C_/Users/Dylan/.pico-sdk/sdk/2.2.0/src/rp2_common/pico_double/double_aeabi_rp2040.S.obj
                0x10001f74                __wrap___aeabi_dcmpgt
 .text.__wrap___aeabi_dcmpun
                0x10001f7e       0x18 CMakeFiles/aas01.dir/C_/Users/Dylan/.pico-sdk/sdk/2.2.0/src/rp2_common/pico_double/double_aeabi_rp2040.S.obj
                0x10001f7e                __wrap___aeabi_dcmpun
 *fill*         0x10001f96        0x2 
 .text.__wrap___aeabi_i2d
                0x10001f98       0x38 CMakeFiles/aas01.dir/C_/Users/Dylan/.pico-sdk/sdk/2.2.0/src/rp2_common/pico_double/double_aeabi_rp2040.S.obj
                0x10001f98                uint2double
                0x10001f98                __wrap___aeabi_ui2d
                0x10001fa0                int2double
                0x10001fa0                __wrap___aeabi_i2d
 .text.__wrap___aeabi_d2iz
                0x10001fd0       0x48 CMakeFiles/aas01.dir/C_/Users/Dylan/.pico-sdk/sdk/2.2.0/src/rp2_common/pico_double/double_aeabi_rp2040.S.obj
                0x10001fd0                double2int_z
                0x10001fd0                __wrap___aeabi_d2iz
 .text.__wrap___aeabi_d2uiz
                0x10002018       0x18 CMakeFiles/aas01.dir/C_/Users/Dylan/.pico-sdk/sdk/2.2.0/src/rp2_common/pico_double/double_aeabi_rp2040.S.obj
                0x10002018                double2uint
                0x10002018                __wrap___aeabi_d2uiz
                0x10002018                double2uint_z
 .text.__aeabi_double_init
                0x10002030       0xcc CMakeFiles/aas01.dir/C_/Users/Dylan/.pico-sdk/sdk/2.2.0/src/rp2_common/pico_double/double_init_rom_rp2040.c.obj
                0x10002030                __aeabi_double_init
 .text.double_table_shim_on_use_helper
                0x100020fc       0x34 CMakeFiles/aas01.dir/C_/Users/Dylan/.pico-sdk/sdk/2.2.0/src/rp2_common/pico_double/double_v1_rom_shim_rp2040.S.obj
                0x100020fc                double_table_shim_on_use_helper
 .text.__wrap___aeabi_dsub
                0x10002130       0x10 CMakeFiles/aas01.dir/C_/Users/Dylan/.pico-sdk/sdk/2.2.0/src/rp2_common/pico_double/double_v1_rom_shim_rp2040.S.obj
                0x10002130                drsub_shim
                0x10002136                dsub_shim
 .text.dadd_shim
                0x10002140      0x15c CMakeFiles/aas01.dir/C_/Users/Dylan/.pico-sdk/sdk/2.2.0/src/rp2_common/pico_double/double_v1_rom_shim_rp2040.S.obj
                0x10002140                dadd_shim
 .text.dmul_shim
                0x1000229c      0x15c CMakeFiles/aas01.dir/C_/Users/Dylan/.pico-sdk/sdk/2.2.0/src/rp2_common/pico_double/double_v1_rom_shim_rp2040.S.obj
                0x1000229c                dmul_shim
 .text.ddiv_shim
                0x100023f8      0x1b0 CMakeFiles/aas01.dir/C_/Users/Dylan/.pico-sdk/sdk/2.2.0/src/rp2_common/pico_double/double_v1_rom_shim_rp2040.S.obj
                0x100023f8                ddiv_shim
 .text.double2uint_shim
                0x100025a8        0xe CMakeFiles/aas01.dir/C_/Users/Dylan/.pico-sdk/sdk/2.2.0/src/rp2_common/pico_double/double_v1_rom_shim_rp2040.S.obj
                0x100025a8                double2uint_shim
                0x100025aa                double2ufix_shim
 *fill*         0x100025b6        0x2 
 .text.double2uint64_shim
                0x100025b8       0x70 CMakeFiles/aas01.dir/C_/Users/Dylan/.pico-sdk/sdk/2.2.0/src/rp2_common/pico_double/double_v1_rom_shim_rp2040.S.obj
                0x100025b8                double2uint64_shim
                0x100025ba                double2ufix64_shim
                0x100025da                d2fix_a
 .text.dunpacks
                0x10002628       0x3c CMakeFiles/aas01.dir/C_/Users/Dylan/.pico-sdk/sdk/2.2.0/src/rp2_common/pico_double/double_v1_rom_shim_rp2040.S.obj
                0x10002628                dunpacks
 .text.__aeabi_lmul
                0x10002664       0x32 CMakeFiles/aas01.dir/C_/Users/Dylan/.pico-sdk/sdk/2.2.0/src/rp2_common/pico_int64_ops/pico_int64_ops_aeabi.S.obj
                0x10002664                __wrap___aeabi_lmul
 *fill*         0x10002696        0x2 
 .text.__aeabi_float_init
                0x10002698       0xfc CMakeFiles/aas01.dir/C_/Users/Dylan/.pico-sdk/sdk/2.2.0/src/rp2_common/pico_float/float_init_rom_rp2040.c.obj
                0x10002698                __aeabi_float_init
 .text.float_table_shim_on_use_helper
                0x10002794       0x34 CMakeFiles/aas01.dir/C_/Users/Dylan/.pico-sdk/sdk/2.2.0/src/rp2_common/pico_float/float_v1_rom_shim_rp2040.S.obj
                0x10002794                float_table_shim_on_use_helper
 .text          0x100027c8       0x10 CMakeFiles/aas01.dir/C_/Users/Dylan/.pico-sdk/sdk/2.2.0/src/rp2_common/pico_mem_ops/mem_ops_aeabi.S.obj
                0x100027c8                __aeabi_mem_init
 .text.memset   0x100027d8        0xc CMakeFiles/aas01.dir/C_/Users/Dylan/.pico-sdk/sdk/2.2.0/src/rp2_common/pico_mem_ops/mem_ops_aeabi.S.obj
                0x100027d8                __wrap_memset
 .text.memcpy   0x100027e4        0xc CMakeFiles/aas01.dir/C_/Users/Dylan/.pico-sdk/sdk/2.2.0/src/rp2_common/pico_mem_ops/mem_ops_aeabi.S.obj
                0x100027e4                __wrap_memcpy
                0x100027e4                __wrap___aeabi_memcpy
 .text._out_null
                0x100027f0        0x2 CMakeFiles/aas01.dir/C_/Users/Dylan/.pico-sdk/sdk/2.2.0/src/rp2_common/pico_printf/printf.c.obj
 .text._out_fct
                0x100027f2        0xe CMakeFiles/aas01.dir/C_/Users/Dylan/.pico-sdk/sdk/2.2.0/src/rp2_common/pico_printf/printf.c.obj
 .text._atoi    0x10002800       0x24 CMakeFiles/aas01.dir/C_/Users/Dylan/.pico-sdk/sdk/2.2.0/src/rp2_common/pico_printf/printf.c.obj
 .text._out_rev
                0x10002824       0xb0 CMakeFiles/aas01.dir/C_/Users/Dylan/.pico-sdk/sdk/2.2.0/src/rp2_common/pico_printf/printf.c.obj
 .text._ntoa_format
                0x100028d4      0x10e CMakeFiles/aas01.dir/C_/Users/Dylan/.pico-sdk/sdk/2.2.0/src/rp2_common/pico_printf/printf.c.obj
 .text._ntoa_long
                0x100029e2       0xbc CMakeFiles/aas01.dir/C_/Users/Dylan/.pico-sdk/sdk/2.2.0/src/rp2_common/pico_printf/printf.c.obj
 .text._ntoa_long_long
                0x10002a9e      0x10e CMakeFiles/aas01.dir/C_/Users/Dylan/.pico-sdk/sdk/2.2.0/src/rp2_common/pico_printf/printf.c.obj
 .text._etoa    0x10002bac      0x424 CMakeFiles/aas01.dir/C_/Users/Dylan/.pico-sdk/sdk/2.2.0/src/rp2_common/pico_printf/printf.c.obj
 .text._ftoa    0x10002fd0      0x348 CMakeFiles/aas01.dir/C_/Users/Dylan/.pico-sdk/sdk/2.2.0/src/rp2_common/pico_printf/printf.c.obj
 .text._vsnprintf
                0x10003318      0x6a4 CMakeFiles/aas01.dir/C_/Users/Dylan/.pico-sdk/sdk/2.2.0/src/rp2_common/pico_printf/printf.c.obj
 .text.vfctprintf
                0x100039bc       0x24 CMakeFiles/aas01.dir/C_/Users/Dylan/.pico-sdk/sdk/2.2.0/src/rp2_common/pico_printf/printf.c.obj
                0x100039bc                vfctprintf
 .text._exit    0x100039e0        0x4 CMakeFiles/aas01.dir/C_/Users/Dylan/.pico-sdk/sdk/2.2.0/src/rp2_common/pico_clib_interface/newlib_interface.c.obj
                0x100039e0                _exit
 .text.exit     0x100039e4        0x6 CMakeFiles/aas01.dir/C_/Users/Dylan/.pico-sdk/sdk/2.2.0/src/rp2_common/pico_clib_interface/newlib_interface.c.obj
                0x100039e4                exit
 *fill*         0x100039ea        0x2 
 .text.__assert_func
                0x100039ec       0x38 CMakeFiles/aas01.dir/C_/Users/Dylan/.pico-sdk/sdk/2.2.0/src/rp2_common/pico_clib_interface/newlib_interface.c.obj
                0x100039ec                __assert_func
 .text.runtime_init
                0x10003a24       0x28 CMakeFiles/aas01.dir/C_/Users/Dylan/.pico-sdk/sdk/2.2.0/src/rp2_common/pico_clib_interface/newlib_interface.c.obj
                0x10003a24                runtime_init
 .text.stdio_out_chars_no_crlf
                0x10003a4c        0xe CMakeFiles/aas01.dir/C_/Users/Dylan/.pico-sdk/sdk/2.2.0/src/rp2_common/pico_stdio/stdio.c.obj
 *fill*         0x10003a5a        0x2 
 .text.stdio_out_chars_crlf
                0x10003a5c       0x80 CMakeFiles/aas01.dir/C_/Users/Dylan/.pico-sdk/sdk/2.2.0/src/rp2_common/pico_stdio/stdio.c.obj
 .text.stdio_stack_buffer_flush
                0x10003adc       0x44 CMakeFiles/aas01.dir/C_/Users/Dylan/.pico-sdk/sdk/2.2.0/src/rp2_common/pico_stdio/stdio.c.obj
 .text.stdio_buffered_printer
                0x10003b20       0x20 CMakeFiles/aas01.dir/C_/Users/Dylan/.pico-sdk/sdk/2.2.0/src/rp2_common/pico_stdio/stdio.c.obj
 .text.stdout_serialize_begin
                0x10003b40       0x30 CMakeFiles/aas01.dir/C_/Users/Dylan/.pico-sdk/sdk/2.2.0/src/rp2_common/pico_stdio/stdio.c.obj
                0x10003b40                stdout_serialize_begin
 .text.stdout_serialize_end
                0x10003b70       0x10 CMakeFiles/aas01.dir/C_/Users/Dylan/.pico-sdk/sdk/2.2.0/src/rp2_common/pico_stdio/stdio.c.obj
                0x10003b70                stdout_serialize_end
 .text.stdio_put_string
                0x10003b80       0x94 CMakeFiles/aas01.dir/C_/Users/Dylan/.pico-sdk/sdk/2.2.0/src/rp2_common/pico_stdio/stdio.c.obj
                0x10003b80                stdio_put_string
 .text.stdio_set_driver_enabled
                0x10003c14       0x30 CMakeFiles/aas01.dir/C_/Users/Dylan/.pico-sdk/sdk/2.2.0/src/rp2_common/pico_stdio/stdio.c.obj
                0x10003c14                stdio_set_driver_enabled
 .text.stdio_flush
                0x10003c44       0x20 CMakeFiles/aas01.dir/C_/Users/Dylan/.pico-sdk/sdk/2.2.0/src/rp2_common/pico_stdio/stdio.c.obj
                0x10003c44                stdio_flush
 .text.stdio_init_all
                0x10003c64        0x8 CMakeFiles/aas01.dir/C_/Users/Dylan/.pico-sdk/sdk/2.2.0/src/rp2_common/pico_stdio/stdio.c.obj
                0x10003c64                stdio_init_all
 .text.__wrap_puts
                0x10003c6c       0x1e CMakeFiles/aas01.dir/C_/Users/Dylan/.pico-sdk/sdk/2.2.0/src/rp2_common/pico_stdio/stdio.c.obj
                0x10003c6c                stdio_puts
                0x10003c6c                __wrap_puts
 *fill*         0x10003c8a        0x2 
 .text.__wrap_vprintf
                0x10003c8c       0x40 CMakeFiles/aas01.dir/C_/Users/Dylan/.pico-sdk/sdk/2.2.0/src/rp2_common/pico_stdio/stdio.c.obj
                0x10003c8c                stdio_vprintf
                0x10003c8c                __wrap_vprintf
 .text.__wrap_printf
                0x10003ccc       0x18 CMakeFiles/aas01.dir/C_/Users/Dylan/.pico-sdk/sdk/2.2.0/src/rp2_common/pico_stdio/stdio.c.obj
                0x10003ccc                __wrap_printf
                0x10003ccc                stdio_printf
 .text.resetd_init
                0x10003ce4        0x2 CMakeFiles/aas01.dir/C_/Users/Dylan/.pico-sdk/sdk/2.2.0/src/rp2_common/pico_stdio_usb/reset_interface.c.obj
 *fill*         0x10003ce6        0x2 
 .text.resetd_reset
                0x10003ce8        0xc CMakeFiles/aas01.dir/C_/Users/Dylan/.pico-sdk/sdk/2.2.0/src/rp2_common/pico_stdio_usb/reset_interface.c.obj
 .text.resetd_open
                0x10003cf4       0x34 CMakeFiles/aas01.dir/C_/Users/Dylan/.pico-sdk/sdk/2.2.0/src/rp2_common/pico_stdio_usb/reset_interface.c.obj
 .text.resetd_xfer_cb
                0x10003d28        0x4 CMakeFiles/aas01.dir/C_/Users/Dylan/.pico-sdk/sdk/2.2.0/src/rp2_common/pico_stdio_usb/reset_interface.c.obj
 .text.resetd_control_xfer_cb
                0x10003d2c       0x60 CMakeFiles/aas01.dir/C_/Users/Dylan/.pico-sdk/sdk/2.2.0/src/rp2_common/pico_stdio_usb/reset_interface.c.obj
 .text.tud_descriptor_bos_cb
                0x10003d8c        0x8 CMakeFiles/aas01.dir/C_/Users/Dylan/.pico-sdk/sdk/2.2.0/src/rp2_common/pico_stdio_usb/reset_interface.c.obj
                0x10003d8c                tud_descriptor_bos_cb
 .text.tud_vendor_control_xfer_cb
                0x10003d94       0x38 CMakeFiles/aas01.dir/C_/Users/Dylan/.pico-sdk/sdk/2.2.0/src/rp2_common/pico_stdio_usb/reset_interface.c.obj
                0x10003d94                tud_vendor_control_xfer_cb
 .text.usbd_app_driver_get_cb
                0x10003dcc        0xc CMakeFiles/aas01.dir/C_/Users/Dylan/.pico-sdk/sdk/2.2.0/src/rp2_common/pico_stdio_usb/reset_interface.c.obj
                0x10003dcc                usbd_app_driver_get_cb
 .text.tud_cdc_line_coding_cb
                0x10003dd8       0x2c CMakeFiles/aas01.dir/C_/Users/Dylan/.pico-sdk/sdk/2.2.0/src/rp2_common/pico_stdio_usb/reset_interface.c.obj
                0x10003dd8                tud_cdc_line_coding_cb
 .text.stdio_usb_set_chars_available_callback
                0x10003e04       0x14 CMakeFiles/aas01.dir/C_/Users/Dylan/.pico-sdk/sdk/2.2.0/src/rp2_common/pico_stdio_usb/stdio_usb.c.obj
                0x10003e04                stdio_usb_set_chars_available_callback
 .text.stdio_usb_out_flush
                0x10003e18       0x4c CMakeFiles/aas01.dir/C_/Users/Dylan/.pico-sdk/sdk/2.2.0/src/rp2_common/pico_stdio_usb/stdio_usb.c.obj
 .text.usb_irq  0x10003e64       0x10 CMakeFiles/aas01.dir/C_/Users/Dylan/.pico-sdk/sdk/2.2.0/src/rp2_common/pico_stdio_usb/stdio_usb.c.obj
 .text.timer_task
                0x10003e74       0x6c CMakeFiles/aas01.dir/C_/Users/Dylan/.pico-sdk/sdk/2.2.0/src/rp2_common/pico_stdio_usb/stdio_usb.c.obj
 .text.alarm_pool_add_alarm_in_us
                0x10003ee0       0x40 CMakeFiles/aas01.dir/C_/Users/Dylan/.pico-sdk/sdk/2.2.0/src/rp2_common/pico_stdio_usb/stdio_usb.c.obj
 .text.add_alarm_in_us
                0x10003f20       0x2e CMakeFiles/aas01.dir/C_/Users/Dylan/.pico-sdk/sdk/2.2.0/src/rp2_common/pico_stdio_usb/stdio_usb.c.obj
 *fill*         0x10003f4e        0x2 
 .text.low_priority_worker_irq
                0x10003f50       0xa8 CMakeFiles/aas01.dir/C_/Users/Dylan/.pico-sdk/sdk/2.2.0/src/rp2_common/pico_stdio_usb/stdio_usb.c.obj
 .text.stdio_usb_init
                0x10003ff8       0xe0 CMakeFiles/aas01.dir/C_/Users/Dylan/.pico-sdk/sdk/2.2.0/src/rp2_common/pico_stdio_usb/stdio_usb.c.obj
                0x10003ff8                stdio_usb_init
 .text.stdio_usb_connected
                0x100040d8        0xa CMakeFiles/aas01.dir/C_/Users/Dylan/.pico-sdk/sdk/2.2.0/src/rp2_common/pico_stdio_usb/stdio_usb.c.obj
                0x100040d8                stdio_usb_connected
 *fill*         0x100040e2        0x2 
 .text.stdio_usb_in_chars
                0x100040e4       0x98 CMakeFiles/aas01.dir/C_/Users/Dylan/.pico-sdk/sdk/2.2.0/src/rp2_common/pico_stdio_usb/stdio_usb.c.obj
                0x100040e4                stdio_usb_in_chars
 .text.stdio_usb_out_chars
                0x1000417c       0xe8 CMakeFiles/aas01.dir/C_/Users/Dylan/.pico-sdk/sdk/2.2.0/src/rp2_common/pico_stdio_usb/stdio_usb.c.obj
 .text.tud_descriptor_device_cb
                0x10004264        0x8 CMakeFiles/aas01.dir/C_/Users/Dylan/.pico-sdk/sdk/2.2.0/src/rp2_common/pico_stdio_usb/stdio_usb_descriptors.c.obj
                0x10004264                tud_descriptor_device_cb
 .text.tud_descriptor_configuration_cb
                0x1000426c        0x8 CMakeFiles/aas01.dir/C_/Users/Dylan/.pico-sdk/sdk/2.2.0/src/rp2_common/pico_stdio_usb/stdio_usb_descriptors.c.obj
                0x1000426c                tud_descriptor_configuration_cb
 .text.tud_descriptor_string_cb
                0x10004274       0x6c CMakeFiles/aas01.dir/C_/Users/Dylan/.pico-sdk/sdk/2.2.0/src/rp2_common/pico_stdio_usb/stdio_usb_descriptors.c.obj
                0x10004274                tud_descriptor_string_cb
 .text._retrieve_unique_id_on_boot
                0x100042e0       0x10 CMakeFiles/aas01.dir/C_/Users/Dylan/.pico-sdk/sdk/2.2.0/src/rp2_common/pico_unique_id/unique_id.c.obj
 .text.pico_get_unique_board_id_string
                0x100042f0       0x58 CMakeFiles/aas01.dir/C_/Users/Dylan/.pico-sdk/sdk/2.2.0/src/rp2_common/pico_unique_id/unique_id.c.obj
                0x100042f0                pico_get_unique_board_id_string
 .text.flash_get_unique_id
                0x10004348       0x40 CMakeFiles/aas01.dir/C_/Users/Dylan/.pico-sdk/sdk/2.2.0/src/rp2_common/hardware_flash/flash.c.obj
                0x10004348                flash_get_unique_id
 .text.hw_endpoint_init
                0x10004388       0xc0 CMakeFiles/aas01.dir/C_/Users/Dylan/.pico-sdk/sdk/2.2.0/lib/tinyusb/src/portable/raspberrypi/rp2040/dcd_rp2040.c.obj
 .text.hw_endpoint_alloc
                0x10004448       0x48 CMakeFiles/aas01.dir/C_/Users/Dylan/.pico-sdk/sdk/2.2.0/lib/tinyusb/src/portable/raspberrypi/rp2040/dcd_rp2040.c.obj
 .text.hw_endpoint_open
                0x10004490       0x50 CMakeFiles/aas01.dir/C_/Users/Dylan/.pico-sdk/sdk/2.2.0/lib/tinyusb/src/portable/raspberrypi/rp2040/dcd_rp2040.c.obj
 .text.hw_endpoint_xfer
                0x100044e0       0x20 CMakeFiles/aas01.dir/C_/Users/Dylan/.pico-sdk/sdk/2.2.0/lib/tinyusb/src/portable/raspberrypi/rp2040/dcd_rp2040.c.obj
 .text.dcd_int_enable
                0x10004500       0x2c CMakeFiles/aas01.dir/C_/Users/Dylan/.pico-sdk/sdk/2.2.0/lib/tinyusb/src/portable/raspberrypi/rp2040/dcd_rp2040.c.obj
                0x10004500                dcd_int_enable
 .text.dcd_set_address
                0x1000452c       0x2c CMakeFiles/aas01.dir/C_/Users/Dylan/.pico-sdk/sdk/2.2.0/lib/tinyusb/src/portable/raspberrypi/rp2040/dcd_rp2040.c.obj
                0x1000452c                dcd_set_address
 .text.dcd_connect
                0x10004558       0x10 CMakeFiles/aas01.dir/C_/Users/Dylan/.pico-sdk/sdk/2.2.0/lib/tinyusb/src/portable/raspberrypi/rp2040/dcd_rp2040.c.obj
                0x10004558                dcd_connect
 .text.dcd_init
                0x10004568       0x80 CMakeFiles/aas01.dir/C_/Users/Dylan/.pico-sdk/sdk/2.2.0/lib/tinyusb/src/portable/raspberrypi/rp2040/dcd_rp2040.c.obj
                0x10004568                dcd_init
 .text.dcd_sof_enable
                0x100045e8       0x1c CMakeFiles/aas01.dir/C_/Users/Dylan/.pico-sdk/sdk/2.2.0/lib/tinyusb/src/portable/raspberrypi/rp2040/dcd_rp2040.c.obj
                0x100045e8                dcd_sof_enable
 .text.dcd_edpt0_status_complete
                0x10004604       0x1c CMakeFiles/aas01.dir/C_/Users/Dylan/.pico-sdk/sdk/2.2.0/lib/tinyusb/src/portable/raspberrypi/rp2040/dcd_rp2040.c.obj
                0x10004604                dcd_edpt0_status_complete
 .text.dcd_edpt_open
                0x10004620       0x26 CMakeFiles/aas01.dir/C_/Users/Dylan/.pico-sdk/sdk/2.2.0/lib/tinyusb/src/portable/raspberrypi/rp2040/dcd_rp2040.c.obj
                0x10004620                dcd_edpt_open
 .text.dcd_edpt_close_all
                0x10004646        0x8 CMakeFiles/aas01.dir/C_/Users/Dylan/.pico-sdk/sdk/2.2.0/lib/tinyusb/src/portable/raspberrypi/rp2040/dcd_rp2040.c.obj
                0x10004646                dcd_edpt_close_all
 *fill*         0x1000464e        0x2 
 .text.dcd_edpt_xfer
                0x10004650       0x30 CMakeFiles/aas01.dir/C_/Users/Dylan/.pico-sdk/sdk/2.2.0/lib/tinyusb/src/portable/raspberrypi/rp2040/dcd_rp2040.c.obj
                0x10004650                dcd_edpt_xfer
 .text.dcd_edpt_stall
                0x10004680       0x3c CMakeFiles/aas01.dir/C_/Users/Dylan/.pico-sdk/sdk/2.2.0/lib/tinyusb/src/portable/raspberrypi/rp2040/dcd_rp2040.c.obj
                0x10004680                dcd_edpt_stall
 .text.dcd_edpt_clear_stall
                0x100046bc       0x30 CMakeFiles/aas01.dir/C_/Users/Dylan/.pico-sdk/sdk/2.2.0/lib/tinyusb/src/portable/raspberrypi/rp2040/dcd_rp2040.c.obj
                0x100046bc                dcd_edpt_clear_stall
 .text.unaligned_memcpy
                0x100046ec       0x14 CMakeFiles/aas01.dir/C_/Users/Dylan/.pico-sdk/sdk/2.2.0/lib/tinyusb/src/portable/raspberrypi/rp2040/rp2040_usb.c.obj
 .text.rp2040_usb_init
                0x10004700       0x44 CMakeFiles/aas01.dir/C_/Users/Dylan/.pico-sdk/sdk/2.2.0/lib/tinyusb/src/portable/raspberrypi/rp2040/rp2040_usb.c.obj
                0x10004700                rp2040_usb_init
 .text.hw_endpoint_xfer_start
                0x10004744       0x60 CMakeFiles/aas01.dir/C_/Users/Dylan/.pico-sdk/sdk/2.2.0/lib/tinyusb/src/portable/raspberrypi/rp2040/rp2040_usb.c.obj
                0x10004744                hw_endpoint_xfer_start
 .text.configuration_reset
                0x100047a4       0x84 CMakeFiles/aas01.dir/C_/Users/Dylan/.pico-sdk/sdk/2.2.0/lib/tinyusb/src/device/usbd.c.obj
 .text.usbd_reset
                0x10004828        0xc CMakeFiles/aas01.dir/C_/Users/Dylan/.pico-sdk/sdk/2.2.0/lib/tinyusb/src/device/usbd.c.obj
 .text.invoke_class_control
                0x10004834       0x1a CMakeFiles/aas01.dir/C_/Users/Dylan/.pico-sdk/sdk/2.2.0/lib/tinyusb/src/device/usbd.c.obj
 *fill*         0x1000484e        0x2 
 .text.process_set_config
                0x10004850      0x1b0 CMakeFiles/aas01.dir/C_/Users/Dylan/.pico-sdk/sdk/2.2.0/lib/tinyusb/src/device/usbd.c.obj
 .text.tud_event_hook_cb
                0x10004a00        0x2 CMakeFiles/aas01.dir/C_/Users/Dylan/.pico-sdk/sdk/2.2.0/lib/tinyusb/src/device/usbd.c.obj
                0x10004a00                tud_event_hook_cb
 .text.tud_sof_cb
                0x10004a02        0x2 CMakeFiles/aas01.dir/C_/Users/Dylan/.pico-sdk/sdk/2.2.0/lib/tinyusb/src/device/usbd.c.obj
                0x10004a02                tud_sof_cb
 .text.tud_descriptor_device_qualifier_cb
                0x10004a04        0x4 CMakeFiles/aas01.dir/C_/Users/Dylan/.pico-sdk/sdk/2.2.0/lib/tinyusb/src/device/usbd.c.obj
                0x10004a04                tud_descriptor_device_qualifier_cb
 .text.tud_descriptor_other_speed_configuration_cb
                0x10004a08        0x4 CMakeFiles/aas01.dir/C_/Users/Dylan/.pico-sdk/sdk/2.2.0/lib/tinyusb/src/device/usbd.c.obj
                0x10004a08                tud_descriptor_other_speed_configuration_cb
 .text.process_get_descriptor
                0x10004a0c       0xe0 CMakeFiles/aas01.dir/C_/Users/Dylan/.pico-sdk/sdk/2.2.0/lib/tinyusb/src/device/usbd.c.obj
 .text.tud_mount_cb
                0x10004aec        0x2 CMakeFiles/aas01.dir/C_/Users/Dylan/.pico-sdk/sdk/2.2.0/lib/tinyusb/src/device/usbd.c.obj
                0x10004aec                tud_mount_cb
 .text.tud_umount_cb
                0x10004aee        0x2 CMakeFiles/aas01.dir/C_/Users/Dylan/.pico-sdk/sdk/2.2.0/lib/tinyusb/src/device/usbd.c.obj
                0x10004aee                tud_umount_cb
 .text.tud_suspend_cb
                0x10004af0        0x2 CMakeFiles/aas01.dir/C_/Users/Dylan/.pico-sdk/sdk/2.2.0/lib/tinyusb/src/device/usbd.c.obj
                0x10004af0                tud_suspend_cb
 .text.tud_resume_cb
                0x10004af2        0x2 CMakeFiles/aas01.dir/C_/Users/Dylan/.pico-sdk/sdk/2.2.0/lib/tinyusb/src/device/usbd.c.obj
                0x10004af2                tud_resume_cb
 .text.tud_mounted
                0x10004af4       0x10 CMakeFiles/aas01.dir/C_/Users/Dylan/.pico-sdk/sdk/2.2.0/lib/tinyusb/src/device/usbd.c.obj
                0x10004af4                tud_mounted
 .text.tud_suspended
                0x10004b04       0x10 CMakeFiles/aas01.dir/C_/Users/Dylan/.pico-sdk/sdk/2.2.0/lib/tinyusb/src/device/usbd.c.obj
                0x10004b04                tud_suspended
 .text.tud_inited
                0x10004b14       0x14 CMakeFiles/aas01.dir/C_/Users/Dylan/.pico-sdk/sdk/2.2.0/lib/tinyusb/src/device/usbd.c.obj
                0x10004b14                tud_inited
 .text.tud_rhport_init
                0x10004b28      0x100 CMakeFiles/aas01.dir/C_/Users/Dylan/.pico-sdk/sdk/2.2.0/lib/tinyusb/src/device/usbd.c.obj
                0x10004b28                tud_rhport_init
 .text.usbd_edpt_open
                0x10004c28       0x60 CMakeFiles/aas01.dir/C_/Users/Dylan/.pico-sdk/sdk/2.2.0/lib/tinyusb/src/device/usbd.c.obj
                0x10004c28                usbd_edpt_open
 .text.usbd_open_edpt_pair
                0x10004c88       0x88 CMakeFiles/aas01.dir/C_/Users/Dylan/.pico-sdk/sdk/2.2.0/lib/tinyusb/src/device/usbd.c.obj
                0x10004c88                usbd_open_edpt_pair
 .text.usbd_edpt_claim
                0x10004d10       0x28 CMakeFiles/aas01.dir/C_/Users/Dylan/.pico-sdk/sdk/2.2.0/lib/tinyusb/src/device/usbd.c.obj
                0x10004d10                usbd_edpt_claim
 .text.usbd_edpt_release
                0x10004d38       0x28 CMakeFiles/aas01.dir/C_/Users/Dylan/.pico-sdk/sdk/2.2.0/lib/tinyusb/src/device/usbd.c.obj
                0x10004d38                usbd_edpt_release
 .text.usbd_edpt_xfer
                0x10004d60       0x88 CMakeFiles/aas01.dir/C_/Users/Dylan/.pico-sdk/sdk/2.2.0/lib/tinyusb/src/device/usbd.c.obj
                0x10004d60                usbd_edpt_xfer
 .text.usbd_edpt_stall
                0x10004de8       0x34 CMakeFiles/aas01.dir/C_/Users/Dylan/.pico-sdk/sdk/2.2.0/lib/tinyusb/src/device/usbd.c.obj
                0x10004de8                usbd_edpt_stall
 .text.usbd_edpt_clear_stall
                0x10004e1c       0x34 CMakeFiles/aas01.dir/C_/Users/Dylan/.pico-sdk/sdk/2.2.0/lib/tinyusb/src/device/usbd.c.obj
                0x10004e1c                usbd_edpt_clear_stall
 .text.usbd_edpt_stalled
                0x10004e50       0x1c CMakeFiles/aas01.dir/C_/Users/Dylan/.pico-sdk/sdk/2.2.0/lib/tinyusb/src/device/usbd.c.obj
                0x10004e50                usbd_edpt_stalled
 .text.process_control_request
                0x10004e6c      0x384 CMakeFiles/aas01.dir/C_/Users/Dylan/.pico-sdk/sdk/2.2.0/lib/tinyusb/src/device/usbd.c.obj
 .text.tud_task_ext
                0x100051f0      0x1d0 CMakeFiles/aas01.dir/C_/Users/Dylan/.pico-sdk/sdk/2.2.0/lib/tinyusb/src/device/usbd.c.obj
                0x100051f0                tud_task_ext
 .text.status_stage_xact
                0x100053c0       0x1a CMakeFiles/aas01.dir/C_/Users/Dylan/.pico-sdk/sdk/2.2.0/lib/tinyusb/src/device/usbd_control.c.obj
 *fill*         0x100053da        0x2 
 .text.data_stage_xact
                0x100053dc       0x60 CMakeFiles/aas01.dir/C_/Users/Dylan/.pico-sdk/sdk/2.2.0/lib/tinyusb/src/device/usbd_control.c.obj
 .text.tud_control_status
                0x1000543c       0x28 CMakeFiles/aas01.dir/C_/Users/Dylan/.pico-sdk/sdk/2.2.0/lib/tinyusb/src/device/usbd_control.c.obj
                0x1000543c                tud_control_status
 .text.tud_control_xfer
                0x10005464       0x98 CMakeFiles/aas01.dir/C_/Users/Dylan/.pico-sdk/sdk/2.2.0/lib/tinyusb/src/device/usbd_control.c.obj
                0x10005464                tud_control_xfer
 .text.usbd_control_reset
                0x100054fc       0x14 CMakeFiles/aas01.dir/C_/Users/Dylan/.pico-sdk/sdk/2.2.0/lib/tinyusb/src/device/usbd_control.c.obj
                0x100054fc                usbd_control_reset
 .text.usbd_control_set_complete_callback
                0x10005510        0xc CMakeFiles/aas01.dir/C_/Users/Dylan/.pico-sdk/sdk/2.2.0/lib/tinyusb/src/device/usbd_control.c.obj
                0x10005510                usbd_control_set_complete_callback
 .text.usbd_control_set_request
                0x1000551c       0x1c CMakeFiles/aas01.dir/C_/Users/Dylan/.pico-sdk/sdk/2.2.0/lib/tinyusb/src/device/usbd_control.c.obj
                0x1000551c                usbd_control_set_request
 .text.usbd_control_xfer_cb
                0x10005538       0xe0 CMakeFiles/aas01.dir/C_/Users/Dylan/.pico-sdk/sdk/2.2.0/lib/tinyusb/src/device/usbd_control.c.obj
                0x10005538                usbd_control_xfer_cb
 .text._prep_out_transaction
                0x10005618       0x94 CMakeFiles/aas01.dir/C_/Users/Dylan/.pico-sdk/sdk/2.2.0/lib/tinyusb/src/class/cdc/cdc_device.c.obj
 .text.tud_cdc_n_connected
                0x100056ac       0x38 CMakeFiles/aas01.dir/C_/Users/Dylan/.pico-sdk/sdk/2.2.0/lib/tinyusb/src/class/cdc/cdc_device.c.obj
                0x100056ac                tud_cdc_n_connected
 .text.tud_cdc_n_available
                0x100056e4       0x18 CMakeFiles/aas01.dir/C_/Users/Dylan/.pico-sdk/sdk/2.2.0/lib/tinyusb/src/class/cdc/cdc_device.c.obj
                0x100056e4                tud_cdc_n_available
 .text.tud_cdc_n_read
                0x100056fc       0x38 CMakeFiles/aas01.dir/C_/Users/Dylan/.pico-sdk/sdk/2.2.0/lib/tinyusb/src/class/cdc/cdc_device.c.obj
                0x100056fc                tud_cdc_n_read
 .text.tud_cdc_n_write_flush
                0x10005734       0xb0 CMakeFiles/aas01.dir/C_/Users/Dylan/.pico-sdk/sdk/2.2.0/lib/tinyusb/src/class/cdc/cdc_device.c.obj
                0x10005734                tud_cdc_n_write_flush
 .text.tud_cdc_n_write
                0x100057e4       0x48 CMakeFiles/aas01.dir/C_/Users/Dylan/.pico-sdk/sdk/2.2.0/lib/tinyusb/src/class/cdc/cdc_device.c.obj
                0x100057e4                tud_cdc_n_write
 .text.tud_cdc_n_write_available
                0x1000582c       0x18 CMakeFiles/aas01.dir/C_/Users/Dylan/.pico-sdk/sdk/2.2.0/lib/tinyusb/src/class/cdc/cdc_device.c.obj
                0x1000582c                tud_cdc_n_write_available
 .text.cdcd_init
                0x10005844       0xac CMakeFiles/aas01.dir/C_/Users/Dylan/.pico-sdk/sdk/2.2.0/lib/tinyusb/src/class/cdc/cdc_device.c.obj
                0x10005844                cdcd_init
 .text.cdcd_deinit
                0x100058f0       0x48 CMakeFiles/aas01.dir/C_/Users/Dylan/.pico-sdk/sdk/2.2.0/lib/tinyusb/src/class/cdc/cdc_device.c.obj
                0x100058f0                cdcd_deinit
 .text.cdcd_reset
                0x10005938       0x70 CMakeFiles/aas01.dir/C_/Users/Dylan/.pico-sdk/sdk/2.2.0/lib/tinyusb/src/class/cdc/cdc_device.c.obj
                0x10005938                cdcd_reset
 .text.cdcd_open
                0x100059a8       0xec CMakeFiles/aas01.dir/C_/Users/Dylan/.pico-sdk/sdk/2.2.0/lib/tinyusb/src/class/cdc/cdc_device.c.obj
                0x100059a8                cdcd_open
 .text.cdcd_control_xfer_cb
                0x10005a94      0x13c CMakeFiles/aas01.dir/C_/Users/Dylan/.pico-sdk/sdk/2.2.0/lib/tinyusb/src/class/cdc/cdc_device.c.obj
                0x10005a94                cdcd_control_xfer_cb
 .text.cdcd_xfer_cb
                0x10005bd0      0x148 CMakeFiles/aas01.dir/C_/Users/Dylan/.pico-sdk/sdk/2.2.0/lib/tinyusb/src/class/cdc/cdc_device.c.obj
                0x10005bd0                cdcd_xfer_cb
 .text.tud_vendor_n_mounted
                0x10005d18       0x3c CMakeFiles/aas01.dir/C_/Users/Dylan/.pico-sdk/sdk/2.2.0/lib/tinyusb/src/class/vendor/vendor_device.c.obj
                0x10005d18                tud_vendor_n_mounted
 .text.tud_vendor_n_write_flush
                0x10005d54       0x20 CMakeFiles/aas01.dir/C_/Users/Dylan/.pico-sdk/sdk/2.2.0/lib/tinyusb/src/class/vendor/vendor_device.c.obj
                0x10005d54                tud_vendor_n_write_flush
 .text.vendord_init
                0x10005d74       0x9c CMakeFiles/aas01.dir/C_/Users/Dylan/.pico-sdk/sdk/2.2.0/lib/tinyusb/src/class/vendor/vendor_device.c.obj
                0x10005d74                vendord_init
 .text.vendord_deinit
                0x10005e10       0x34 CMakeFiles/aas01.dir/C_/Users/Dylan/.pico-sdk/sdk/2.2.0/lib/tinyusb/src/class/vendor/vendor_device.c.obj
                0x10005e10                vendord_deinit
 .text.vendord_reset
                0x10005e44       0x50 CMakeFiles/aas01.dir/C_/Users/Dylan/.pico-sdk/sdk/2.2.0/lib/tinyusb/src/class/vendor/vendor_device.c.obj
                0x10005e44                vendord_reset
 .text.vendord_open
                0x10005e94      0x14c CMakeFiles/aas01.dir/C_/Users/Dylan/.pico-sdk/sdk/2.2.0/lib/tinyusb/src/class/vendor/vendor_device.c.obj
                0x10005e94                vendord_open
 .text.vendord_xfer_cb
                0x10005fe0       0xd8 CMakeFiles/aas01.dir/C_/Users/Dylan/.pico-sdk/sdk/2.2.0/lib/tinyusb/src/class/vendor/vendor_device.c.obj
                0x10005fe0                vendord_xfer_cb
 .text.tusb_rhport_init
                0x100060b8       0x78 CMakeFiles/aas01.dir/C_/Users/Dylan/.pico-sdk/sdk/2.2.0/lib/tinyusb/src/tusb.c.obj
                0x100060b8                tusb_rhport_init
 .text.tu_edpt_claim
                0x10006130       0x50 CMakeFiles/aas01.dir/C_/Users/Dylan/.pico-sdk/sdk/2.2.0/lib/tinyusb/src/tusb.c.obj
                0x10006130                tu_edpt_claim
 .text.tu_edpt_release
                0x10006180       0x38 CMakeFiles/aas01.dir/C_/Users/Dylan/.pico-sdk/sdk/2.2.0/lib/tinyusb/src/tusb.c.obj
                0x10006180                tu_edpt_release
 .text.tu_edpt_validate
                0x100061b8       0xac CMakeFiles/aas01.dir/C_/Users/Dylan/.pico-sdk/sdk/2.2.0/lib/tinyusb/src/tusb.c.obj
                0x100061b8                tu_edpt_validate
 .text.tu_edpt_bind_driver
                0x10006264       0x26 CMakeFiles/aas01.dir/C_/Users/Dylan/.pico-sdk/sdk/2.2.0/lib/tinyusb/src/tusb.c.obj
                0x10006264                tu_edpt_bind_driver
 .text.tu_edpt_stream_init
                0x1000628a       0x62 CMakeFiles/aas01.dir/C_/Users/Dylan/.pico-sdk/sdk/2.2.0/lib/tinyusb/src/tusb.c.obj
                0x1000628a                tu_edpt_stream_init
 .text.tu_edpt_stream_deinit
                0x100062ec        0x4 CMakeFiles/aas01.dir/C_/Users/Dylan/.pico-sdk/sdk/2.2.0/lib/tinyusb/src/tusb.c.obj
                0x100062ec                tu_edpt_stream_deinit
 .text.tu_edpt_stream_write_zlp_if_needed
                0x100062f0       0x80 CMakeFiles/aas01.dir/C_/Users/Dylan/.pico-sdk/sdk/2.2.0/lib/tinyusb/src/tusb.c.obj
                0x100062f0                tu_edpt_stream_write_zlp_if_needed
 .text.tu_edpt_stream_write_xfer
                0x10006370       0x84 CMakeFiles/aas01.dir/C_/Users/Dylan/.pico-sdk/sdk/2.2.0/lib/tinyusb/src/tusb.c.obj
                0x10006370                tu_edpt_stream_write_xfer
 .text.tu_edpt_stream_read_xfer
                0x100063f4       0xf4 CMakeFiles/aas01.dir/C_/Users/Dylan/.pico-sdk/sdk/2.2.0/lib/tinyusb/src/tusb.c.obj
                0x100063f4                tu_edpt_stream_read_xfer
 .text.advance_index
                0x100064e8       0x1a CMakeFiles/aas01.dir/C_/Users/Dylan/.pico-sdk/sdk/2.2.0/lib/tinyusb/src/common/tusb_fifo.c.obj
 .text._tu_fifo_peek
                0x10006502       0x56 CMakeFiles/aas01.dir/C_/Users/Dylan/.pico-sdk/sdk/2.2.0/lib/tinyusb/src/common/tusb_fifo.c.obj
 .text._ff_pull_n
                0x10006558       0x68 CMakeFiles/aas01.dir/C_/Users/Dylan/.pico-sdk/sdk/2.2.0/lib/tinyusb/src/common/tusb_fifo.c.obj
 .text._tu_fifo_peek_n
                0x100065c0       0x6a CMakeFiles/aas01.dir/C_/Users/Dylan/.pico-sdk/sdk/2.2.0/lib/tinyusb/src/common/tusb_fifo.c.obj
 .text._tu_fifo_read_n
                0x1000662a       0x4e CMakeFiles/aas01.dir/C_/Users/Dylan/.pico-sdk/sdk/2.2.0/lib/tinyusb/src/common/tusb_fifo.c.obj
 .text._ff_push_n
                0x10006678       0x68 CMakeFiles/aas01.dir/C_/Users/Dylan/.pico-sdk/sdk/2.2.0/lib/tinyusb/src/common/tusb_fifo.c.obj
 .text._tu_fifo_write_n
                0x100066e0       0xf0 CMakeFiles/aas01.dir/C_/Users/Dylan/.pico-sdk/sdk/2.2.0/lib/tinyusb/src/common/tusb_fifo.c.obj
 .text.tu_fifo_config
                0x100067d0       0x7c CMakeFiles/aas01.dir/C_/Users/Dylan/.pico-sdk/sdk/2.2.0/lib/tinyusb/src/common/tusb_fifo.c.obj
                0x100067d0                tu_fifo_config
 .text.tu_fifo_count
                0x1000684c       0x2c CMakeFiles/aas01.dir/C_/Users/Dylan/.pico-sdk/sdk/2.2.0/lib/tinyusb/src/common/tusb_fifo.c.obj
                0x1000684c                tu_fifo_count
 .text.tu_fifo_empty
                0x10006878        0xe CMakeFiles/aas01.dir/C_/Users/Dylan/.pico-sdk/sdk/2.2.0/lib/tinyusb/src/common/tusb_fifo.c.obj
                0x10006878                tu_fifo_empty
 .text.tu_fifo_full
                0x10006886       0x2a CMakeFiles/aas01.dir/C_/Users/Dylan/.pico-sdk/sdk/2.2.0/lib/tinyusb/src/common/tusb_fifo.c.obj
                0x10006886                tu_fifo_full
 .text.tu_fifo_remaining
                0x100068b0       0x2e CMakeFiles/aas01.dir/C_/Users/Dylan/.pico-sdk/sdk/2.2.0/lib/tinyusb/src/common/tusb_fifo.c.obj
                0x100068b0                tu_fifo_remaining
 .text.tu_fifo_read
                0x100068de       0x42 CMakeFiles/aas01.dir/C_/Users/Dylan/.pico-sdk/sdk/2.2.0/lib/tinyusb/src/common/tusb_fifo.c.obj
                0x100068de                tu_fifo_read
 .text.tu_fifo_read_n
                0x10006920        0xa CMakeFiles/aas01.dir/C_/Users/Dylan/.pico-sdk/sdk/2.2.0/lib/tinyusb/src/common/tusb_fifo.c.obj
                0x10006920                tu_fifo_read_n
 .text.tu_fifo_write
                0x1000692a       0x64 CMakeFiles/aas01.dir/C_/Users/Dylan/.pico-sdk/sdk/2.2.0/lib/tinyusb/src/common/tusb_fifo.c.obj
                0x1000692a                tu_fifo_write
 .text.tu_fifo_write_n
                0x1000698e        0xa CMakeFiles/aas01.dir/C_/Users/Dylan/.pico-sdk/sdk/2.2.0/lib/tinyusb/src/common/tusb_fifo.c.obj
                0x1000698e                tu_fifo_write_n
 .text.tu_fifo_clear
                0x10006998       0x3e CMakeFiles/aas01.dir/C_/Users/Dylan/.pico-sdk/sdk/2.2.0/lib/tinyusb/src/common/tusb_fifo.c.obj
                0x10006998                tu_fifo_clear
 .text.tu_fifo_set_overwritable
                0x100069d6       0x46 CMakeFiles/aas01.dir/C_/Users/Dylan/.pico-sdk/sdk/2.2.0/lib/tinyusb/src/common/tusb_fifo.c.obj
                0x100069d6                tu_fifo_set_overwritable
 .text.strlen   0x10006a1c       0x5c C:/Users/Dylan/.pico-sdk/toolchain/14_2_Rel1/bin/../lib/gcc/arm-none-eabi/14.2.1/thumb/v6-m/nofp\libg.a(libc_a-strlen-stub.o)
                0x10006a1c                strlen
 *(.fini)
 .fini          0x10006a78        0x4 C:/Users/Dylan/.pico-sdk/toolchain/14_2_Rel1/bin/../lib/gcc/arm-none-eabi/14.2.1/thumb/v6-m/nofp/crti.o
                0x10006a78                _fini
 *fill*         0x10006a7c        0x4 
 .fini.__stub   0x10006a80       0xd0 linker stubs
 *crtbegin.o(.ctors)
 *crtbegin?.o(.ctors)
 *(EXCLUDE_FILE(*crtend.o *crtend?.o) .ctors)
 *(SORT_BY_NAME(.ctors.*))
 *(.ctors)
 *crtbegin.o(.dtors)
 *crtbegin?.o(.dtors)
 *(EXCLUDE_FILE(*crtend.o *crtend?.o) .dtors)
 *(SORT_BY_NAME(.dtors.*))
 *(.dtors)
                0x10006b50                        . = ALIGN (0x4)
                0x10006b50                        PROVIDE (__preinit_array_start = .)
 *(SORT_BY_NAME(.preinit_array.*))
 .preinit_array.00100
                0x10006b50        0x4 CMakeFiles/aas01.dir/C_/Users/Dylan/.pico-sdk/sdk/2.2.0/src/rp2_common/pico_runtime_init/runtime_init.c.obj
                0x10006b50                __pre_init_runtime_init_early_resets
 .preinit_array.00101
                0x10006b54        0x4 CMakeFiles/aas01.dir/C_/Users/Dylan/.pico-sdk/sdk/2.2.0/src/rp2_common/pico_runtime_init/runtime_init.c.obj
                0x10006b54                __pre_init_runtime_init_usb_power_down
 .preinit_array.00275
                0x10006b58        0x4 CMakeFiles/aas01.dir/C_/Users/Dylan/.pico-sdk/sdk/2.2.0/src/rp2_common/pico_bit_ops/bit_ops_aeabi.S.obj
 .preinit_array.00300
                0x10006b5c        0x4 CMakeFiles/aas01.dir/C_/Users/Dylan/.pico-sdk/sdk/2.2.0/src/rp2_common/pico_mem_ops/mem_ops_aeabi.S.obj
 .preinit_array.00350
                0x10006b60        0x4 CMakeFiles/aas01.dir/C_/Users/Dylan/.pico-sdk/sdk/2.2.0/src/rp2_common/pico_double/double_aeabi_rp2040.S.obj
 .preinit_array.00350
                0x10006b64        0x4 CMakeFiles/aas01.dir/C_/Users/Dylan/.pico-sdk/sdk/2.2.0/src/rp2_common/pico_float/float_aeabi_rp2040.S.obj
 .preinit_array.00500
                0x10006b68        0x4 CMakeFiles/aas01.dir/C_/Users/Dylan/.pico-sdk/sdk/2.2.0/src/rp2_common/pico_runtime_init/runtime_init.c.obj
                0x10006b68                __pre_init_runtime_init_clocks
 .preinit_array.00600
                0x10006b6c        0x4 CMakeFiles/aas01.dir/C_/Users/Dylan/.pico-sdk/sdk/2.2.0/src/rp2_common/pico_runtime_init/runtime_init.c.obj
                0x10006b6c                __pre_init_runtime_init_post_clock_resets
 .preinit_array.00700
                0x10006b70        0x4 CMakeFiles/aas01.dir/C_/Users/Dylan/.pico-sdk/sdk/2.2.0/src/rp2_common/pico_runtime_init/runtime_init.c.obj
                0x10006b70                __pre_init_runtime_init_rp2040_gpio_ie_disable
 .preinit_array.01000
                0x10006b74        0x4 CMakeFiles/aas01.dir/C_/Users/Dylan/.pico-sdk/sdk/2.2.0/src/rp2_common/pico_runtime_init/runtime_init.c.obj
                0x10006b74                __pre_init_runtime_init_spin_locks_reset
 .preinit_array.01100
                0x10006b78        0x4 CMakeFiles/aas01.dir/C_/Users/Dylan/.pico-sdk/sdk/2.2.0/src/common/pico_sync/mutex.c.obj
                0x10006b78                __pre_init_runtime_init_mutex
 .preinit_array.10080
                0x10006b7c        0x4 CMakeFiles/aas01.dir/C_/Users/Dylan/.pico-sdk/sdk/2.2.0/src/rp2_common/pico_runtime_init/runtime_init.c.obj
                0x10006b7c                __pre_init_runtime_init_install_ram_vector_table
 .preinit_array.11000
                0x10006b80        0x4 CMakeFiles/aas01.dir/C_/Users/Dylan/.pico-sdk/sdk/2.2.0/src/common/pico_time/time.c.obj
                0x10006b80                __pre_init_runtime_init_default_alarm_pool
 .preinit_array.YYYYY
                0x10006b84        0x4 CMakeFiles/aas01.dir/C_/Users/Dylan/.pico-sdk/sdk/2.2.0/src/rp2_common/pico_runtime/runtime.c.obj
                0x10006b84                __pre_init_first_per_core_initializer
 .preinit_array.ZZZZZ.01200
                0x10006b88        0x4 CMakeFiles/aas01.dir/C_/Users/Dylan/.pico-sdk/sdk/2.2.0/src/rp2_common/hardware_irq/irq.c.obj
                0x10006b88                __pre_init_runtime_init_per_core_irq_priorities
 *(.preinit_array)
                0x10006b8c                        PROVIDE (__preinit_array_end = .)
                0x10006b8c                        . = ALIGN (0x4)
                0x10006b8c                        PROVIDE (__init_array_start = .)
 *(SORT_BY_NAME(.init_array.*))
 .init_array.01000
                0x10006b8c        0x4 CMakeFiles/aas01.dir/C_/Users/Dylan/.pico-sdk/sdk/2.2.0/src/rp2_common/pico_unique_id/unique_id.c.obj
 *(.init_array)
 .init_array    0x10006b90        0x4 C:/Users/Dylan/.pico-sdk/toolchain/14_2_Rel1/bin/../lib/gcc/arm-none-eabi/14.2.1/thumb/v6-m/nofp/crtbegin.o
                0x10006b94                        PROVIDE (__init_array_end = .)
                0x10006b94                        . = ALIGN (0x4)
                [!provide]                        PROVIDE (__fini_array_start = .)
 *(SORT_BY_NAME(.fini_array.*))
 *(.fini_array)
                [!provide]                        PROVIDE (__fini_array_end = .)
 *(.eh_frame*)
 .eh_frame      0x10006b94        0x0 C:/Users/Dylan/.pico-sdk/toolchain/14_2_Rel1/bin/../lib/gcc/arm-none-eabi/14.2.1/thumb/v6-m/nofp/crtbegin.o
                0x10006b94                        . = ALIGN (0x4)

.glue_7         0x10006b94        0x0
 .glue_7        0x10006b94        0x0 linker stubs

.glue_7t        0x10006b94        0x0
 .glue_7t       0x10006b94        0x0 linker stubs

.vfp11_veneer   0x10006b94        0x0
 .vfp11_veneer  0x10006b94        0x0 linker stubs

.v4_bx          0x10006b94        0x0
 .v4_bx         0x10006b94        0x0 linker stubs

.iplt           0x10006b94        0x0
 .iplt          0x10006b94        0x0 C:/Users/Dylan/.pico-sdk/toolchain/14_2_Rel1/bin/../lib/gcc/arm-none-eabi/14.2.1/thumb/v6-m/nofp/crtbegin.o

.rodata         0x10006b98     0x1480
 *(EXCLUDE_FILE(*libm.a: *libc.a:*lib_a-mem*.o *libgcc.a:) .rodata*)
 .rodata.main.str1.4
                0x10006b98      0xc57 CMakeFiles/aas01.dir/aas01.c.obj
                                 0x12 (size before relaxing)
 .rodata.gpio_set_irq_enabled.str1.4
                0x100077ef       0x73 CMakeFiles/aas01.dir/C_/Users/Dylan/.pico-sdk/sdk/2.2.0/src/rp2_common/hardware_gpio/gpio.c.obj
 *fill*         0x100077ef        0x1 
 .rodata.__func__.4
                0x100077f0       0x15 CMakeFiles/aas01.dir/C_/Users/Dylan/.pico-sdk/sdk/2.2.0/src/rp2_common/hardware_gpio/gpio.c.obj
 .rodata.rp2040_chip_version.str1.4
                0x10007805       0x7d CMakeFiles/aas01.dir/C_/Users/Dylan/.pico-sdk/sdk/2.2.0/src/rp2040/pico_platform/platform.c.obj
 *fill*         0x10007805        0x3 
 .rodata.__func__.0
                0x10007808       0x14 CMakeFiles/aas01.dir/C_/Users/Dylan/.pico-sdk/sdk/2.2.0/src/rp2040/pico_platform/platform.c.obj
 .rodata.panic.str1.4
                0x1000781c       0x12 CMakeFiles/aas01.dir/C_/Users/Dylan/.pico-sdk/sdk/2.2.0/src/rp2_common/pico_platform_panic/panic.c.obj
 .rodata.spin_lock_claim_unused.str1.4
                0x1000781c       0x1b CMakeFiles/aas01.dir/C_/Users/Dylan/.pico-sdk/sdk/2.2.0/src/rp2_common/hardware_sync/sync.c.obj
 .rodata.resolve_j_16.str1.4
                0x1000781c       0x5d CMakeFiles/aas01.dir/C_/Users/Dylan/.pico-sdk/sdk/2.2.0/src/rp2_common/hardware_irq/irq.c.obj
 .rodata.make_j_16.str1.4
                0x1000781c       0x30 CMakeFiles/aas01.dir/C_/Users/Dylan/.pico-sdk/sdk/2.2.0/src/rp2_common/hardware_irq/irq.c.obj
 .rodata.irq_set_exclusive_handler.str1.4
                0x1000781c       0x36 CMakeFiles/aas01.dir/C_/Users/Dylan/.pico-sdk/sdk/2.2.0/src/rp2_common/hardware_irq/irq.c.obj
 .rodata.irq_add_shared_handler.str1.4
                0x1000781c       0xd2 CMakeFiles/aas01.dir/C_/Users/Dylan/.pico-sdk/sdk/2.2.0/src/rp2_common/hardware_irq/irq.c.obj
 .rodata.irq_add_tail_to_free_list.str1.4
                0x1000781c       0x3a CMakeFiles/aas01.dir/C_/Users/Dylan/.pico-sdk/sdk/2.2.0/src/rp2_common/hardware_irq/irq.c.obj
 .rodata.user_irq_claim_unused.str1.4
                0x1000781c       0x1b CMakeFiles/aas01.dir/C_/Users/Dylan/.pico-sdk/sdk/2.2.0/src/rp2_common/hardware_irq/irq.c.obj
 .rodata.__func__.0
                0x1000781c       0x1a CMakeFiles/aas01.dir/C_/Users/Dylan/.pico-sdk/sdk/2.2.0/src/rp2_common/hardware_irq/irq.c.obj
 *fill*         0x10007836        0x2 
 .rodata.__func__.3
                0x10007838        0xa CMakeFiles/aas01.dir/C_/Users/Dylan/.pico-sdk/sdk/2.2.0/src/rp2_common/hardware_irq/irq.c.obj
 *fill*         0x10007842        0x2 
 .rodata.__func__.4
                0x10007844        0xd CMakeFiles/aas01.dir/C_/Users/Dylan/.pico-sdk/sdk/2.2.0/src/rp2_common/hardware_irq/irq.c.obj
 *fill*         0x10007851        0x3 
 .rodata.__func__.5
                0x10007854       0x17 CMakeFiles/aas01.dir/C_/Users/Dylan/.pico-sdk/sdk/2.2.0/src/rp2_common/hardware_irq/irq.c.obj
 *fill*         0x1000786b        0x1 
 .rodata.__func__.6
                0x1000786c       0x1a CMakeFiles/aas01.dir/C_/Users/Dylan/.pico-sdk/sdk/2.2.0/src/rp2_common/hardware_irq/irq.c.obj
 .rodata.runtime_init_mutex.str1.4
                0x10007886       0x60 CMakeFiles/aas01.dir/C_/Users/Dylan/.pico-sdk/sdk/2.2.0/src/common/pico_sync/mutex.c.obj
 .rodata.str1.4
                0x10007886       0x51 CMakeFiles/aas01.dir/C_/Users/Dylan/.pico-sdk/sdk/2.2.0/src/common/pico_sync/mutex.c.obj
 *fill*         0x10007886        0x2 
 .rodata.__func__.1
                0x10007888        0xb CMakeFiles/aas01.dir/C_/Users/Dylan/.pico-sdk/sdk/2.2.0/src/common/pico_sync/mutex.c.obj
 *fill*         0x10007893        0x1 
 .rodata.__func__.3
                0x10007894       0x18 CMakeFiles/aas01.dir/C_/Users/Dylan/.pico-sdk/sdk/2.2.0/src/common/pico_sync/mutex.c.obj
 .rodata.__func__.6
                0x100078ac       0x13 CMakeFiles/aas01.dir/C_/Users/Dylan/.pico-sdk/sdk/2.2.0/src/common/pico_sync/mutex.c.obj
 .rodata.alarm_pool_irq_handler.str1.4
                0x100078bf       0x6b CMakeFiles/aas01.dir/C_/Users/Dylan/.pico-sdk/sdk/2.2.0/src/common/pico_time/time.c.obj
 .rodata.alarm_pool_get_default.str1.4
                0x100078bf       0x21 CMakeFiles/aas01.dir/C_/Users/Dylan/.pico-sdk/sdk/2.2.0/src/common/pico_time/time.c.obj
 *fill*         0x100078bf        0x1 
 .rodata.__func__.1
                0x100078c0       0x17 CMakeFiles/aas01.dir/C_/Users/Dylan/.pico-sdk/sdk/2.2.0/src/common/pico_time/time.c.obj
 *fill*         0x100078d7        0x1 
 .rodata.__func__.2
                0x100078d8       0x17 CMakeFiles/aas01.dir/C_/Users/Dylan/.pico-sdk/sdk/2.2.0/src/common/pico_time/time.c.obj
 .rodata.timer_hardware_alarm_claim.str1.4
                0x100078ef       0x22 CMakeFiles/aas01.dir/C_/Users/Dylan/.pico-sdk/sdk/2.2.0/src/rp2_common/hardware_timer/timer.c.obj
 .rodata.pll_init.str1.4
                0x100078ef      0x11c CMakeFiles/aas01.dir/C_/Users/Dylan/.pico-sdk/sdk/2.2.0/src/rp2_common/hardware_pll/pll.c.obj
 *fill*         0x100078ef        0x1 
 .rodata.__func__.0
                0x100078f0        0x9 CMakeFiles/aas01.dir/C_/Users/Dylan/.pico-sdk/sdk/2.2.0/src/rp2_common/hardware_pll/pll.c.obj
 .rodata.__aeabi_double_init.str1.4
                0x100078f9       0x9b CMakeFiles/aas01.dir/C_/Users/Dylan/.pico-sdk/sdk/2.2.0/src/rp2_common/pico_double/double_init_rom_rp2040.c.obj
 *fill*         0x100078f9        0x3 
 .rodata.__func__.0
                0x100078fc       0x14 CMakeFiles/aas01.dir/C_/Users/Dylan/.pico-sdk/sdk/2.2.0/src/rp2_common/pico_double/double_init_rom_rp2040.c.obj
 .rodata.__aeabi_float_init.str1.4
                0x10007910       0x8d CMakeFiles/aas01.dir/C_/Users/Dylan/.pico-sdk/sdk/2.2.0/src/rp2_common/pico_float/float_init_rom_rp2040.c.obj
 .rodata.__func__.0
                0x10007910       0x13 CMakeFiles/aas01.dir/C_/Users/Dylan/.pico-sdk/sdk/2.2.0/src/rp2_common/pico_float/float_init_rom_rp2040.c.obj
 .rodata.str1.4
                0x10007923       0x3c CMakeFiles/aas01.dir/C_/Users/Dylan/.pico-sdk/sdk/2.2.0/src/rp2_common/pico_standard_binary_info/standard_binary_info.c.obj
 *fill*         0x10007923        0x1 
 .rodata.__bi_84
                0x10007924        0xc CMakeFiles/aas01.dir/C_/Users/Dylan/.pico-sdk/sdk/2.2.0/src/rp2_common/pico_standard_binary_info/standard_binary_info.c.obj
 .rodata.__bi_78
                0x10007930        0xc CMakeFiles/aas01.dir/C_/Users/Dylan/.pico-sdk/sdk/2.2.0/src/rp2_common/pico_standard_binary_info/standard_binary_info.c.obj
 .rodata.__bi_54
                0x1000793c        0xc CMakeFiles/aas01.dir/C_/Users/Dylan/.pico-sdk/sdk/2.2.0/src/rp2_common/pico_standard_binary_info/standard_binary_info.c.obj
 .rodata.__bi_48
                0x10007948        0xc CMakeFiles/aas01.dir/C_/Users/Dylan/.pico-sdk/sdk/2.2.0/src/rp2_common/pico_standard_binary_info/standard_binary_info.c.obj
 .rodata.__bi_42
                0x10007954        0xc CMakeFiles/aas01.dir/C_/Users/Dylan/.pico-sdk/sdk/2.2.0/src/rp2_common/pico_standard_binary_info/standard_binary_info.c.obj
 .rodata.__bi_34
                0x10007960        0xc CMakeFiles/aas01.dir/C_/Users/Dylan/.pico-sdk/sdk/2.2.0/src/rp2_common/pico_standard_binary_info/standard_binary_info.c.obj
 .rodata.__bi_26
                0x1000796c        0xc CMakeFiles/aas01.dir/C_/Users/Dylan/.pico-sdk/sdk/2.2.0/src/rp2_common/pico_standard_binary_info/standard_binary_info.c.obj
 .rodata._ftoa.str1.4
                0x10007978       0x15 CMakeFiles/aas01.dir/C_/Users/Dylan/.pico-sdk/sdk/2.2.0/src/rp2_common/pico_printf/printf.c.obj
 .rodata._vsnprintf
                0x10007978      0x19c CMakeFiles/aas01.dir/C_/Users/Dylan/.pico-sdk/sdk/2.2.0/src/rp2_common/pico_printf/printf.c.obj
 *fill*         0x10007b14        0x4 
 .rodata.pow10.0
                0x10007b18       0x50 CMakeFiles/aas01.dir/C_/Users/Dylan/.pico-sdk/sdk/2.2.0/src/rp2_common/pico_printf/printf.c.obj
 .rodata.__assert_func.str1.4
                0x10007b68       0x43 CMakeFiles/aas01.dir/C_/Users/Dylan/.pico-sdk/sdk/2.2.0/src/rp2_common/pico_clib_interface/newlib_interface.c.obj
 .rodata.crlf_str.0
                0x10007b68        0x2 CMakeFiles/aas01.dir/C_/Users/Dylan/.pico-sdk/sdk/2.2.0/src/rp2_common/pico_stdio/stdio.c.obj
 *fill*         0x10007b6a        0x2 
 .rodata._resetd_driver
                0x10007b6c       0x20 CMakeFiles/aas01.dir/C_/Users/Dylan/.pico-sdk/sdk/2.2.0/src/rp2_common/pico_stdio_usb/reset_interface.c.obj
 .rodata.desc_ms_os_20
                0x10007b8c       0xa6 CMakeFiles/aas01.dir/C_/Users/Dylan/.pico-sdk/sdk/2.2.0/src/rp2_common/pico_stdio_usb/reset_interface.c.obj
 *fill*         0x10007c32        0x2 
 .rodata.desc_bos
                0x10007c34       0x21 CMakeFiles/aas01.dir/C_/Users/Dylan/.pico-sdk/sdk/2.2.0/src/rp2_common/pico_stdio_usb/reset_interface.c.obj
                0x10007c34                desc_bos
 .rodata.stdio_usb_init.str1.4
                0x10007c55       0x55 CMakeFiles/aas01.dir/C_/Users/Dylan/.pico-sdk/sdk/2.2.0/src/rp2_common/pico_stdio_usb/stdio_usb.c.obj
 .rodata.str1.4
                0x10007c55       0x13 CMakeFiles/aas01.dir/C_/Users/Dylan/.pico-sdk/sdk/2.2.0/src/rp2_common/pico_stdio_usb/stdio_usb.c.obj
 *fill*         0x10007c55        0x3 
 .rodata.__bi_202.1
                0x10007c58        0xc CMakeFiles/aas01.dir/C_/Users/Dylan/.pico-sdk/sdk/2.2.0/src/rp2_common/pico_stdio_usb/stdio_usb.c.obj
 .rodata.__func__.2
                0x10007c64        0xf CMakeFiles/aas01.dir/C_/Users/Dylan/.pico-sdk/sdk/2.2.0/src/rp2_common/pico_stdio_usb/stdio_usb.c.obj
 .rodata.str1.4
                0x10007c73       0x2a CMakeFiles/aas01.dir/C_/Users/Dylan/.pico-sdk/sdk/2.2.0/src/rp2_common/pico_stdio_usb/stdio_usb_descriptors.c.obj
 *fill*         0x10007c73        0x1 
 .rodata.usbd_desc_str
                0x10007c74       0x18 CMakeFiles/aas01.dir/C_/Users/Dylan/.pico-sdk/sdk/2.2.0/src/rp2_common/pico_stdio_usb/stdio_usb_descriptors.c.obj
 .rodata.usbd_desc_cfg
                0x10007c8c       0x54 CMakeFiles/aas01.dir/C_/Users/Dylan/.pico-sdk/sdk/2.2.0/src/rp2_common/pico_stdio_usb/stdio_usb_descriptors.c.obj
 .rodata.usbd_desc_device
                0x10007ce0       0x12 CMakeFiles/aas01.dir/C_/Users/Dylan/.pico-sdk/sdk/2.2.0/src/rp2_common/pico_stdio_usb/stdio_usb_descriptors.c.obj
 .rodata.pico_get_unique_board_id_string.str1.4
                0x10007cf2       0x55 CMakeFiles/aas01.dir/C_/Users/Dylan/.pico-sdk/sdk/2.2.0/src/rp2_common/pico_unique_id/unique_id.c.obj
 *fill*         0x10007cf2        0x2 
 .rodata.__func__.0
                0x10007cf4       0x20 CMakeFiles/aas01.dir/C_/Users/Dylan/.pico-sdk/sdk/2.2.0/src/rp2_common/pico_unique_id/unique_id.c.obj
 .rodata.str1.4
                0x10007d14      0x205 CMakeFiles/aas01.dir/C_/Users/Dylan/.pico-sdk/sdk/2.2.0/src/rp2_common/hardware_flash/flash.c.obj
 .rodata.__func__.0
                0x10007d14        0xd CMakeFiles/aas01.dir/C_/Users/Dylan/.pico-sdk/sdk/2.2.0/src/rp2_common/hardware_flash/flash.c.obj
 .rodata.hw_endpoint_alloc.str1.4
                0x10007d21       0xa0 CMakeFiles/aas01.dir/C_/Users/Dylan/.pico-sdk/sdk/2.2.0/lib/tinyusb/src/portable/raspberrypi/rp2040/dcd_rp2040.c.obj
 .rodata.str1.4
                0x10007d21       0x14 CMakeFiles/aas01.dir/C_/Users/Dylan/.pico-sdk/sdk/2.2.0/lib/tinyusb/src/portable/raspberrypi/rp2040/dcd_rp2040.c.obj
 .rodata.dcd_int_enable.str1.4
                0x10007d21        0xc CMakeFiles/aas01.dir/C_/Users/Dylan/.pico-sdk/sdk/2.2.0/lib/tinyusb/src/portable/raspberrypi/rp2040/dcd_rp2040.c.obj
 *fill*         0x10007d21        0x3 
 .rodata.__func__.0
                0x10007d24        0xe CMakeFiles/aas01.dir/C_/Users/Dylan/.pico-sdk/sdk/2.2.0/lib/tinyusb/src/portable/raspberrypi/rp2040/dcd_rp2040.c.obj
 *fill*         0x10007d32        0x2 
 .rodata.__func__.3
                0x10007d34       0x10 CMakeFiles/aas01.dir/C_/Users/Dylan/.pico-sdk/sdk/2.2.0/lib/tinyusb/src/portable/raspberrypi/rp2040/dcd_rp2040.c.obj
 .rodata.__func__.5
                0x10007d44        0xf CMakeFiles/aas01.dir/C_/Users/Dylan/.pico-sdk/sdk/2.2.0/lib/tinyusb/src/portable/raspberrypi/rp2040/dcd_rp2040.c.obj
 *fill*         0x10007d53        0x1 
 .rodata.__func__.6
                0x10007d54       0x12 CMakeFiles/aas01.dir/C_/Users/Dylan/.pico-sdk/sdk/2.2.0/lib/tinyusb/src/portable/raspberrypi/rp2040/dcd_rp2040.c.obj
 *fill*         0x10007d66        0x2 
 .rodata.__func__.7
                0x10007d68        0x9 CMakeFiles/aas01.dir/C_/Users/Dylan/.pico-sdk/sdk/2.2.0/lib/tinyusb/src/portable/raspberrypi/rp2040/dcd_rp2040.c.obj
 .rodata.str1.4
                0x10007d71       0xe4 CMakeFiles/aas01.dir/C_/Users/Dylan/.pico-sdk/sdk/2.2.0/lib/tinyusb/src/portable/raspberrypi/rp2040/rp2040_usb.c.obj
 .rodata.hw_endpoint_xfer_start.str1.4
                0x10007d71       0x38 CMakeFiles/aas01.dir/C_/Users/Dylan/.pico-sdk/sdk/2.2.0/lib/tinyusb/src/portable/raspberrypi/rp2040/rp2040_usb.c.obj
 *fill*         0x10007d71        0x3 
 .rodata.__func__.0
                0x10007d74        0xf CMakeFiles/aas01.dir/C_/Users/Dylan/.pico-sdk/sdk/2.2.0/lib/tinyusb/src/portable/raspberrypi/rp2040/rp2040_usb.c.obj
 .rodata.configuration_reset.str1.4
                0x10007d83       0x17 CMakeFiles/aas01.dir/C_/Users/Dylan/.pico-sdk/sdk/2.2.0/lib/tinyusb/src/device/usbd.c.obj
 *fill*         0x10007d83        0x1 
 .rodata.process_get_descriptor
                0x10007d84       0x40 CMakeFiles/aas01.dir/C_/Users/Dylan/.pico-sdk/sdk/2.2.0/lib/tinyusb/src/device/usbd.c.obj
 .rodata        0x10007dc4       0x1c CMakeFiles/aas01.dir/C_/Users/Dylan/.pico-sdk/sdk/2.2.0/lib/tinyusb/src/device/usbd.c.obj
 .rodata.process_control_request
                0x10007de0       0x28 CMakeFiles/aas01.dir/C_/Users/Dylan/.pico-sdk/sdk/2.2.0/lib/tinyusb/src/device/usbd.c.obj
 .rodata.tud_task_ext
                0x10007e08       0x24 CMakeFiles/aas01.dir/C_/Users/Dylan/.pico-sdk/sdk/2.2.0/lib/tinyusb/src/device/usbd.c.obj
 .rodata.__func__.3
                0x10007e2c        0xf CMakeFiles/aas01.dir/C_/Users/Dylan/.pico-sdk/sdk/2.2.0/lib/tinyusb/src/device/usbd.c.obj
 *fill*         0x10007e3b        0x1 
 .rodata.__func__.4
                0x10007e3c        0xf CMakeFiles/aas01.dir/C_/Users/Dylan/.pico-sdk/sdk/2.2.0/lib/tinyusb/src/device/usbd.c.obj
 *fill*         0x10007e4b        0x1 
 .rodata.__func__.5
                0x10007e4c       0x14 CMakeFiles/aas01.dir/C_/Users/Dylan/.pico-sdk/sdk/2.2.0/lib/tinyusb/src/device/usbd.c.obj
 .rodata.__func__.6
                0x10007e60        0xc CMakeFiles/aas01.dir/C_/Users/Dylan/.pico-sdk/sdk/2.2.0/lib/tinyusb/src/device/usbd.c.obj
 .rodata.__func__.7
                0x10007e6c       0x17 CMakeFiles/aas01.dir/C_/Users/Dylan/.pico-sdk/sdk/2.2.0/lib/tinyusb/src/device/usbd.c.obj
 *fill*         0x10007e83        0x1 
 .rodata.__func__.8
                0x10007e84       0x13 CMakeFiles/aas01.dir/C_/Users/Dylan/.pico-sdk/sdk/2.2.0/lib/tinyusb/src/device/usbd.c.obj
 *fill*         0x10007e97        0x1 
 .rodata.__func__.9
                0x10007e98       0x18 CMakeFiles/aas01.dir/C_/Users/Dylan/.pico-sdk/sdk/2.2.0/lib/tinyusb/src/device/usbd.c.obj
 .rodata.__func__.10
                0x10007eb0       0x14 CMakeFiles/aas01.dir/C_/Users/Dylan/.pico-sdk/sdk/2.2.0/lib/tinyusb/src/device/usbd.c.obj
 .rodata.__func__.11
                0x10007ec4        0xd CMakeFiles/aas01.dir/C_/Users/Dylan/.pico-sdk/sdk/2.2.0/lib/tinyusb/src/device/usbd.c.obj
 *fill*         0x10007ed1        0x3 
 .rodata.__func__.12
                0x10007ed4       0x10 CMakeFiles/aas01.dir/C_/Users/Dylan/.pico-sdk/sdk/2.2.0/lib/tinyusb/src/device/usbd.c.obj
 .rodata._usbd_driver
                0x10007ee4       0x40 CMakeFiles/aas01.dir/C_/Users/Dylan/.pico-sdk/sdk/2.2.0/lib/tinyusb/src/device/usbd.c.obj
 .rodata.tud_control_xfer.str1.4
                0x10007f24       0x17 CMakeFiles/aas01.dir/C_/Users/Dylan/.pico-sdk/sdk/2.2.0/lib/tinyusb/src/device/usbd_control.c.obj
 .rodata.__func__.0
                0x10007f24       0x15 CMakeFiles/aas01.dir/C_/Users/Dylan/.pico-sdk/sdk/2.2.0/lib/tinyusb/src/device/usbd_control.c.obj
 *fill*         0x10007f39        0x3 
 .rodata.__func__.1
                0x10007f3c       0x11 CMakeFiles/aas01.dir/C_/Users/Dylan/.pico-sdk/sdk/2.2.0/lib/tinyusb/src/device/usbd_control.c.obj
 .rodata.tud_cdc_n_write_flush.str1.4
                0x10007f4d       0x17 CMakeFiles/aas01.dir/C_/Users/Dylan/.pico-sdk/sdk/2.2.0/lib/tinyusb/src/class/cdc/cdc_device.c.obj
 *fill*         0x10007f4d        0x3 
 .rodata.__func__.0
                0x10007f50        0xd CMakeFiles/aas01.dir/C_/Users/Dylan/.pico-sdk/sdk/2.2.0/lib/tinyusb/src/class/cdc/cdc_device.c.obj
 *fill*         0x10007f5d        0x3 
 .rodata.__func__.1
                0x10007f60        0xa CMakeFiles/aas01.dir/C_/Users/Dylan/.pico-sdk/sdk/2.2.0/lib/tinyusb/src/class/cdc/cdc_device.c.obj
 *fill*         0x10007f6a        0x2 
 .rodata.__func__.3
                0x10007f6c       0x16 CMakeFiles/aas01.dir/C_/Users/Dylan/.pico-sdk/sdk/2.2.0/lib/tinyusb/src/class/cdc/cdc_device.c.obj
 .rodata.vendord_open.str1.4
                0x10007f82       0x17 CMakeFiles/aas01.dir/C_/Users/Dylan/.pico-sdk/sdk/2.2.0/lib/tinyusb/src/class/vendor/vendor_device.c.obj
 *fill*         0x10007f82        0x2 
 .rodata.__func__.0
                0x10007f84        0xd CMakeFiles/aas01.dir/C_/Users/Dylan/.pico-sdk/sdk/2.2.0/lib/tinyusb/src/class/vendor/vendor_device.c.obj
 .rodata.tusb_rhport_init.str1.4
                0x10007f91       0x17 CMakeFiles/aas01.dir/C_/Users/Dylan/.pico-sdk/sdk/2.2.0/lib/tinyusb/src/tusb.c.obj
 *fill*         0x10007f91        0x3 
 .rodata.__func__.0
                0x10007f94       0x19 CMakeFiles/aas01.dir/C_/Users/Dylan/.pico-sdk/sdk/2.2.0/lib/tinyusb/src/tusb.c.obj
 *fill*         0x10007fad        0x3 
 .rodata.__func__.2
                0x10007fb0       0x1a CMakeFiles/aas01.dir/C_/Users/Dylan/.pico-sdk/sdk/2.2.0/lib/tinyusb/src/tusb.c.obj
 *fill*         0x10007fca        0x2 
 .rodata.__func__.3
                0x10007fcc       0x23 CMakeFiles/aas01.dir/C_/Users/Dylan/.pico-sdk/sdk/2.2.0/lib/tinyusb/src/tusb.c.obj
 *fill*         0x10007fef        0x1 
 .rodata.__func__.4
                0x10007ff0       0x11 CMakeFiles/aas01.dir/C_/Users/Dylan/.pico-sdk/sdk/2.2.0/lib/tinyusb/src/tusb.c.obj
 *fill*         0x10008001        0x3 
 .rodata.__func__.5
                0x10008004       0x11 CMakeFiles/aas01.dir/C_/Users/Dylan/.pico-sdk/sdk/2.2.0/lib/tinyusb/src/tusb.c.obj
                0x10008018                        . = ALIGN (0x4)
 *fill*         0x10008015        0x3 
 *(SORT_BY_ALIGNMENT(SORT_BY_NAME(.flashdata*)))
                0x10008018                        . = ALIGN (0x4)

.ARM.extab
 *(.ARM.extab* .gnu.linkonce.armextab.*)
                0x10008018                        __exidx_start = .

.ARM.exidx
 *(.ARM.exidx* .gnu.linkonce.armexidx.*)
                0x10008018                        __exidx_end = .
                0x10008018                        . = ALIGN (0x4)
                0x10008018                        __binary_info_start = .

.binary_info    0x10008018       0x20
 *(.binary_info.keep.*)
 .binary_info.keep.__bi_ptr84
                0x10008018        0x4 CMakeFiles/aas01.dir/C_/Users/Dylan/.pico-sdk/sdk/2.2.0/src/rp2_common/pico_standard_binary_info/standard_binary_info.c.obj
 .binary_info.keep.__bi_ptr78
                0x1000801c        0x4 CMakeFiles/aas01.dir/C_/Users/Dylan/.pico-sdk/sdk/2.2.0/src/rp2_common/pico_standard_binary_info/standard_binary_info.c.obj
 .binary_info.keep.__bi_ptr54
                0x10008020        0x4 CMakeFiles/aas01.dir/C_/Users/Dylan/.pico-sdk/sdk/2.2.0/src/rp2_common/pico_standard_binary_info/standard_binary_info.c.obj
 .binary_info.keep.__bi_ptr48
                0x10008024        0x4 CMakeFiles/aas01.dir/C_/Users/Dylan/.pico-sdk/sdk/2.2.0/src/rp2_common/pico_standard_binary_info/standard_binary_info.c.obj
 .binary_info.keep.__bi_ptr42
                0x10008028        0x4 CMakeFiles/aas01.dir/C_/Users/Dylan/.pico-sdk/sdk/2.2.0/src/rp2_common/pico_standard_binary_info/standard_binary_info.c.obj
 .binary_info.keep.__bi_ptr34
                0x1000802c        0x4 CMakeFiles/aas01.dir/C_/Users/Dylan/.pico-sdk/sdk/2.2.0/src/rp2_common/pico_standard_binary_info/standard_binary_info.c.obj
 .binary_info.keep.__bi_ptr26
                0x10008030        0x4 CMakeFiles/aas01.dir/C_/Users/Dylan/.pico-sdk/sdk/2.2.0/src/rp2_common/pico_standard_binary_info/standard_binary_info.c.obj
 *(.binary_info.*)
 .binary_info.__bi_ptr202
                0x10008034        0x4 CMakeFiles/aas01.dir/C_/Users/Dylan/.pico-sdk/sdk/2.2.0/src/rp2_common/pico_stdio_usb/stdio_usb.c.obj
                0x10008038                        __binary_info_end = .
                0x10008038                        . = ALIGN (0x4)

.ram_vector_table
                0x20000000       0xc0
 *(.ram_vector_table)
 .ram_vector_table
                0x20000000       0xc0 CMakeFiles/aas01.dir/C_/Users/Dylan/.pico-sdk/sdk/2.2.0/src/rp2_common/pico_runtime_init/runtime_init.c.obj
                0x20000000                ram_vector_table

.uninitialized_data
                0x200000c0        0x0
                0x200000c0                        . = ALIGN (0x4)
 *(.uninitialized_data*)

.data           0x200000c0      0xc00 load address 0x10008038
                0x200000c0                        __data_start__ = .
 *(vtable)
 *(.time_critical*)
 .time_critical.mutex_try_enter
                0x200000c0       0x48 CMakeFiles/aas01.dir/C_/Users/Dylan/.pico-sdk/sdk/2.2.0/src/common/pico_sync/mutex.c.obj
                0x200000c0                mutex_try_enter
 .time_critical.mutex_enter_block_until
                0x20000108       0x90 CMakeFiles/aas01.dir/C_/Users/Dylan/.pico-sdk/sdk/2.2.0/src/common/pico_sync/mutex.c.obj
                0x20000108                mutex_enter_block_until
 .time_critical.mutex_try_enter_block_until
                0x20000198       0x34 CMakeFiles/aas01.dir/C_/Users/Dylan/.pico-sdk/sdk/2.2.0/src/common/pico_sync/mutex.c.obj
                0x20000198                mutex_try_enter_block_until
 .time_critical.mutex_enter_timeout_ms
                0x200001cc       0x3c CMakeFiles/aas01.dir/C_/Users/Dylan/.pico-sdk/sdk/2.2.0/src/common/pico_sync/mutex.c.obj
                0x200001cc                mutex_enter_timeout_ms
 .time_critical.mutex_exit
                0x20000208       0x4c CMakeFiles/aas01.dir/C_/Users/Dylan/.pico-sdk/sdk/2.2.0/src/common/pico_sync/mutex.c.obj
                0x20000208                mutex_exit
 .time_critical.flash_init_boot2_copyout
                0x20000254       0x30 CMakeFiles/aas01.dir/C_/Users/Dylan/.pico-sdk/sdk/2.2.0/src/rp2_common/hardware_flash/flash.c.obj
 .time_critical.flash_enable_xip_via_boot2
                0x20000284        0xc CMakeFiles/aas01.dir/C_/Users/Dylan/.pico-sdk/sdk/2.2.0/src/rp2_common/hardware_flash/flash.c.obj
 .time_critical.flash_save_hardware_state
                0x20000290       0x1c CMakeFiles/aas01.dir/C_/Users/Dylan/.pico-sdk/sdk/2.2.0/src/rp2_common/hardware_flash/flash.c.obj
 .time_critical.flash_restore_hardware_state
                0x200002ac       0x20 CMakeFiles/aas01.dir/C_/Users/Dylan/.pico-sdk/sdk/2.2.0/src/rp2_common/hardware_flash/flash.c.obj
 .time_critical.flash_cs_force
                0x200002cc       0x28 CMakeFiles/aas01.dir/C_/Users/Dylan/.pico-sdk/sdk/2.2.0/src/rp2_common/hardware_flash/flash.c.obj
 .time_critical.flash_do_cmd